Component: ARM Compiler 5.06 update 7 (build 960) Tool: armlink [4d3601]

==============================================================================

Section Cross References

    startup_stm32f103xb.o(RESET) refers to startup_stm32f103xb.o(STACK) for __initial_sp
    startup_stm32f103xb.o(RESET) refers to startup_stm32f103xb.o(.text) for Reset_Handler
    startup_stm32f103xb.o(RESET) refers to stm32f1xx_it.o(i.NMI_Handler) for NMI_Handler
    startup_stm32f103xb.o(RESET) refers to stm32f1xx_it.o(i.HardFault_Handler) for HardFault_Handler
    startup_stm32f103xb.o(RESET) refers to stm32f1xx_it.o(i.MemManage_Handler) for MemManage_Handler
    startup_stm32f103xb.o(RESET) refers to stm32f1xx_it.o(i.BusFault_Handler) for BusFault_Handler
    startup_stm32f103xb.o(RESET) refers to stm32f1xx_it.o(i.UsageFault_Handler) for UsageFault_Handler
    startup_stm32f103xb.o(RESET) refers to port.o(.emb_text) for SVC_Handler
    startup_stm32f103xb.o(RESET) refers to stm32f1xx_it.o(i.DebugMon_Handler) for DebugMon_Handler
    startup_stm32f103xb.o(RESET) refers to stm32f1xx_it.o(i.SysTick_Handler) for SysTick_Handler
    startup_stm32f103xb.o(RESET) refers to stm32f1xx_it.o(i.TIM1_UP_IRQHandler) for TIM1_UP_IRQHandler
    startup_stm32f103xb.o(RESET) refers to stm32f1xx_it.o(i.USART1_IRQHandler) for USART1_IRQHandler
    startup_stm32f103xb.o(RESET) refers to stm32f1xx_it.o(i.USART3_IRQHandler) for USART3_IRQHandler
    startup_stm32f103xb.o(.text) refers to system_stm32f1xx.o(i.SystemInit) for SystemInit
    startup_stm32f103xb.o(.text) refers to entry.o(.ARM.Collect$$$$00000000) for __main
    main.o(i.HAL_TIM_PeriodElapsedCallback) refers to stm32f1xx_hal.o(i.HAL_IncTick) for HAL_IncTick
    main.o(i.HAL_UARTEx_RxEventCallback) refers to queue.o(i.xQueueGiveFromISR) for xQueueGiveFromISR
    main.o(i.HAL_UARTEx_RxEventCallback) refers to stm32f1xx_hal_uart.o(i.HAL_UARTEx_ReceiveToIdle_IT) for HAL_UARTEx_ReceiveToIdle_IT
    main.o(i.HAL_UARTEx_RxEventCallback) refers to main.o(.data) for .data
    main.o(i.HAL_UARTEx_RxEventCallback) refers to main.o(.bss) for .bss
    main.o(i.HAL_UARTEx_RxEventCallback) refers to app_freertos.o(.data) for xSem_UART_RX
    main.o(i.HAL_UARTEx_RxEventCallback) refers to usart.o(.bss) for huart1
    main.o(i.SystemClock_Config) refers to memseta.o(.text) for __aeabi_memclr4
    main.o(i.SystemClock_Config) refers to stm32f1xx_hal_rcc.o(i.HAL_RCC_OscConfig) for HAL_RCC_OscConfig
    main.o(i.SystemClock_Config) refers to stm32f1xx_hal_rcc.o(i.HAL_RCC_ClockConfig) for HAL_RCC_ClockConfig
    main.o(i.SystemClock_Config) refers to stm32f1xx_hal_rcc_ex.o(i.HAL_RCCEx_PeriphCLKConfig) for HAL_RCCEx_PeriphCLKConfig
    main.o(i.main) refers to stm32f1xx_hal.o(i.HAL_Init) for HAL_Init
    main.o(i.main) refers to main.o(i.SystemClock_Config) for SystemClock_Config
    main.o(i.main) refers to gpio.o(i.MX_GPIO_Init) for MX_GPIO_Init
    main.o(i.main) refers to adc.o(i.MX_ADC1_Init) for MX_ADC1_Init
    main.o(i.main) refers to usart.o(i.MX_USART1_UART_Init) for MX_USART1_UART_Init
    main.o(i.main) refers to usart.o(i.MX_USART2_UART_Init) for MX_USART2_UART_Init
    main.o(i.main) refers to usart.o(i.MX_USART3_UART_Init) for MX_USART3_UART_Init
    main.o(i.main) refers to i2c.o(i.MX_I2C1_Init) for MX_I2C1_Init
    main.o(i.main) refers to printfa.o(i.__0printf) for __2printf
    main.o(i.main) refers to oled.o(i.OLED_Init) for OLED_Init
    main.o(i.main) refers to gass_measure.o(i.Gas_Measure_Init) for Gas_Measure_Init
    main.o(i.main) refers to humiture.o(i.humiture_init) for humiture_init
    main.o(i.main) refers to stm32f1xx_hal_uart.o(i.HAL_UARTEx_ReceiveToIdle_IT) for HAL_UARTEx_ReceiveToIdle_IT
    main.o(i.main) refers to onenet.o(i.onenet_init) for onenet_init
    main.o(i.main) refers to app_freertos.o(i.FreeRTOS_Start) for FreeRTOS_Start
    main.o(i.main) refers to main.o(.bss) for .bss
    main.o(i.main) refers to usart.o(.bss) for huart1
    main.o(i.main) refers to main.o(.data) for .data
    gpio.o(i.MX_GPIO_Init) refers to stm32f1xx_hal_gpio.o(i.HAL_GPIO_WritePin) for HAL_GPIO_WritePin
    gpio.o(i.MX_GPIO_Init) refers to stm32f1xx_hal_gpio.o(i.HAL_GPIO_Init) for HAL_GPIO_Init
    adc.o(i.HAL_ADC_MspDeInit) refers to stm32f1xx_hal_gpio.o(i.HAL_GPIO_DeInit) for HAL_GPIO_DeInit
    adc.o(i.HAL_ADC_MspInit) refers to stm32f1xx_hal_gpio.o(i.HAL_GPIO_Init) for HAL_GPIO_Init
    adc.o(i.MX_ADC1_Init) refers to stm32f1xx_hal_adc.o(i.HAL_ADC_Init) for HAL_ADC_Init
    adc.o(i.MX_ADC1_Init) refers to main.o(i.Error_Handler) for Error_Handler
    adc.o(i.MX_ADC1_Init) refers to stm32f1xx_hal_adc.o(i.HAL_ADC_ConfigChannel) for HAL_ADC_ConfigChannel
    adc.o(i.MX_ADC1_Init) refers to adc.o(.bss) for .bss
    i2c.o(i.HAL_I2C_MspDeInit) refers to stm32f1xx_hal_gpio.o(i.HAL_GPIO_DeInit) for HAL_GPIO_DeInit
    i2c.o(i.HAL_I2C_MspInit) refers to stm32f1xx_hal_gpio.o(i.HAL_GPIO_Init) for HAL_GPIO_Init
[...]
    i.vTaskMissedYield                       0x0800690c   Section        0  tasks.o(i.vTaskMissedYield)
    i.vTaskPlaceOnEventList                  0x08006918   Section        0  tasks.o(i.vTaskPlaceOnEventList)
    i.vTaskPriorityDisinheritAfterTimeout    0x08006938   Section        0  tasks.o(i.vTaskPriorityDisinheritAfterTimeout)
    i.vTaskStartScheduler                    0x080069d4   Section        0  tasks.o(i.vTaskStartScheduler)
    i.vTaskSuspendAll                        0x08006a24   Section        0  tasks.o(i.vTaskSuspendAll)
    i.vTaskSwitchContext                     0x08006a34   Section        0  tasks.o(i.vTaskSwitchContext)
    i.vTask_CloudCommand                     0x08006a78   Section        0  app_freertos.o(i.vTask_CloudCommand)
    i.vTask_DataAcquisition                  0x08006ddc   Section        0  app_freertos.o(i.vTask_DataAcquisition)
    vTask_DataAcquisition                    0x08006ddd   Thumb Code   110  app_freertos.o(i.vTask_DataAcquisition)
    i.vTask_DisplayAlarmUpload               0x08006e68   Section        0  app_freertos.o(i.vTask_DisplayAlarmUpload)
    vTask_DisplayAlarmUpload                 0x08006e69   Thumb Code   268  app_freertos.o(i.vTask_DisplayAlarmUpload)
    i.voc201_read                            0x08007014   Section        0  gass_measure.o(i.voc201_read)
    i.xPortStartScheduler                    0x0800703c   Section        0  port.o(i.xPortStartScheduler)
    i.xPortSysTickHandler                    0x0800706c   Section        0  port.o(i.xPortSysTickHandler)
    i.xQueueCreateMutex                      0x08007098   Section        0  queue.o(i.xQueueCreateMutex)
    i.xQueueGenericCreate                    0x080070bc   Section        0  queue.o(i.xQueueGenericCreate)
    i.xQueueGenericReset                     0x08007104   Section        0  queue.o(i.xQueueGenericReset)
    i.xQueueGenericSend                      0x08007198   Section        0  queue.o(i.xQueueGenericSend)
    i.xQueueGiveFromISR                      0x08007290   Section        0  queue.o(i.xQueueGiveFromISR)
    i.xQueuePeek                             0x080072f8   Section        0  queue.o(i.xQueuePeek)
    i.xQueueReceive                          0x080073e0   Section        0  queue.o(i.xQueueReceive)
    i.xQueueSemaphoreTake                    0x080074d0   Section        0  queue.o(i.xQueueSemaphoreTake)
    i.xTaskCheckForTimeOut                   0x080075f8   Section        0  tasks.o(i.xTaskCheckForTimeOut)
    i.xTaskCreate                            0x08007650   Section        0  tasks.o(i.xTaskCreate)
    i.xTaskGetSchedulerState                 0x080076ac   Section        0  tasks.o(i.xTaskGetSchedulerState)
    i.xTaskIncrementTick                     0x080076c8   Section        0  tasks.o(i.xTaskIncrementTick)
    i.xTaskPriorityDisinherit                0x080077ec   Section        0  tasks.o(i.xTaskPriorityDisinherit)
    i.xTaskPriorityInherit                   0x08007878   Section        0  tasks.o(i.xTaskPriorityInherit)
    i.xTaskRemoveFromEventList               0x08007928   Section        0  tasks.o(i.xTaskRemoveFromEventList)
    i.xTaskResumeAll                         0x080079f0   Section        0  tasks.o(i.xTaskResumeAll)
    .constdata                               0x08007b08   Section       18  stm32f1xx_hal_rcc.o(.constdata)
    aPredivFactorTable                       0x08007b08   Data           2  stm32f1xx_hal_rcc.o(.constdata)
    aPLLMULFactorTable                       0x08007b0a   Data          16  stm32f1xx_hal_rcc.o(.constdata)
    .constdata                               0x08007b1a   Section       16  system_stm32f1xx.o(.constdata)
    .constdata                               0x08007b2a   Section        8  system_stm32f1xx.o(.constdata)
    .constdata                               0x08007b32   Section     1164  font.o(.constdata)
    .constdata                               0x08007fbe   Section      312  font.o(.constdata)
    .constdata                               0x080080f8   Section      136  pow.o(.constdata)
    bp                                       0x080080f8   Data          16  pow.o(.constdata)
    dp_h                                     0x08008108   Data          16  pow.o(.constdata)
    dp_l                                     0x08008118   Data          16  pow.o(.constdata)
    L                                        0x08008128   Data          48  pow.o(.constdata)
    P                                        0x08008158   Data          40  pow.o(.constdata)
    .constdata                               0x08008180   Section      129  ctype_o.o(.constdata)
    .constdata                               0x08008204   Section        4  ctype_o.o(.constdata)
    table                                    0x08008204   Data           4  ctype_o.o(.constdata)
    .constdata                               0x08008208   Section        8  qnan.o(.constdata)
    .conststring                             0x08008210   Section      180  esp32at.o(.conststring)
    .data                                    0x20000000   Section        4  main.o(.data)
    .data                                    0x20000004   Section       12  stm32f1xx_hal.o(.data)
    .data                                    0x20000010   Section        4  system_stm32f1xx.o(.data)
    .data                                    0x20000014   Section        5  dht11.o(.data)
    .data                                    0x20000019   Section        3  21voc.o(.data)
    .data                                    0x2000001c   Section       20  buzzer.o(.data)
    .data                                    0x20000030   Section       20  gass_measure.o(.data)
    .data                                    0x20000044   Section        2  humiture.o(.data)
    .data                                    0x20000046   Section        1  oled.o(.data)
    .data                                    0x20000048   Section       28  heap_4.o(.data)
    pxEnd                                    0x20000048   Data           4  heap_4.o(.data)
    xFreeBytesRemaining                      0x2000004c   Data           4  heap_4.o(.data)
    xMinimumEverFreeBytesRemaining           0x20000050   Data           4  heap_4.o(.data)
    xNumberOfSuccessfulAllocations           0x20000054   Data           4  heap_4.o(.data)
    xNumberOfSuccessfulFrees                 0x20000058   Data           4  heap_4.o(.data)
    xStart                                   0x2000005c   Data           8  heap_4.o(.data)
    .data                                    0x20000064   Section        4  port.o(.data)
    uxCriticalNesting                        0x20000064   Data           4  port.o(.data)
    .data                                    0x20000068   Section       64  tasks.o(.data)
    uxDeletedTasksWaitingCleanUp             0x2000006c   Data           4  tasks.o(.data)
    uxCurrentNumberOfTasks                   0x20000070   Data           4  tasks.o(.data)
    xTickCount                               0x20000074   Data           4  tasks.o(.data)
    uxTopReadyPriority                       0x20000078   Data           4  tasks.o(.data)
    xSchedulerRunning                        0x2000007c   Data           4  tasks.o(.data)
    xPendedTicks                             0x20000080   Data           4  tasks.o(.data)
    xYieldPending                            0x20000084   Data           4  tasks.o(.data)
    xNumOfOverflows                          0x20000088   Data           4  tasks.o(.data)
    uxTaskNumber                             0x2000008c   Data           4  tasks.o(.data)
    xNextTaskUnblockTime                     0x20000090   Data           4  tasks.o(.data)
    xIdleTaskHandle                          0x20000094   Data           4  tasks.o(.data)
    uxSchedulerSuspended                     0x2000009c   Data           4  tasks.o(.data)
    pxDelayedTaskList                        0x200000a0   Data           4  tasks.o(.data)
    pxOverflowDelayedTaskList                0x200000a4   Data           4  tasks.o(.data)
    .data                                    0x200000a8   Section       28  app_freertos.o(.data)
    .data                                    0x200000c4   Section        4  stdout.o(.data)
    .data                                    0x200000c8   Section        4  errno.o(.data)
    _errno                                   0x200000c8   Data           4  errno.o(.data)
    .bss                                     0x200000cc   Section      256  main.o(.bss)
    .bss                                     0x200001cc   Section       48  adc.o(.bss)
    .bss                                     0x200001fc   Section       84  i2c.o(.bss)
    .bss                                     0x20000250   Section      216  usart.o(.bss)
    .bss                                     0x20000328   Section       72  stm32f1xx_hal_timebase_tim.o(.bss)
    .bss                                     0x20000370   Section      256  esp32at.o(.bss)
    payload                                  0x20000370   Data         256  esp32at.o(.bss)
    .bss                                     0x20000470   Section        9  21voc.o(.bss)
    .bss                                     0x20000479   Section    10240  heap_4.o(.bss)
    ucHeap                                   0x20000479   Data       10240  heap_4.o(.bss)
    .bss                                     0x20002c7c   Section      200  tasks.o(.bss)
    pxReadyTasksLists                        0x20002c7c   Data         100  tasks.o(.bss)
    xDelayedTaskList1                        0x20002ce0   Data          20  tasks.o(.bss)
    xDelayedTaskList2                        0x20002cf4   Data          20  tasks.o(.bss)
    xPendingReadyList                        0x20002d08   Data          20  tasks.o(.bss)
    xTasksWaitingTermination                 0x20002d1c   Data          20  tasks.o(.bss)
    xSuspendedTaskList                       0x20002d30   Data          20  tasks.o(.bss)
    .bss                                     0x20002d44   Section     1024  app_freertos.o(.bss)
    payload                                  0x20002d44   Data         512  app_freertos.o(.bss)
    payload                                  0x20002f44   Data         512  app_freertos.o(.bss)
    STACK                                    0x20003148   Section     1024  startup_stm32f103xb.o(STACK)

    Global Symbols

    Symbol Name                              Value     Ov Type        Size  Object(Section)

    BuildAttributes$$THM_ISAv4$P$D$K$B$S$PE$A:L22UL41UL21$X:L11$S22US41US21$IEEE1$IW$USESV6$~STKCKD$USESV7$~SHL$OTIME$ROPI$IEEEX$EBA8$MICROLIB$REQ8$PRES8$EABIv2 0x00000000   Number         0  anon$$obj.o ABSOLUTE
    __ARM_use_no_argv                        0x00000000   Number         0  main.o ABSOLUTE
    _printf_a                                0x00000000   Number         0  stubs.o ABSOLUTE
    _printf_c                                0x00000000   Number         0  stubs.o ABSOLUTE
    _printf_charcount                        0x00000000   Number         0  stubs.o ABSOLUTE
    _printf_d                                0x00000000   Number         0  stubs.o ABSOLUTE
    _printf_e                                0x00000000   Number         0  stubs.o ABSOLUTE
    _printf_f                                0x00000000   Number         0  stubs.o ABSOLUTE
    _printf_flags                            0x00000000   Number         0  stubs.o ABSOLUTE
    _printf_fp_dec                           0x00000000   Number         0  stubs.o ABSOLUTE
    _printf_fp_hex                           0x00000000   Number         0  stubs.o ABSOLUTE
    _printf_g                                0x00000000   Number         0  stubs.o ABSOLUTE
    _printf_i                                0x00000000   Number         0  stubs.o ABSOLUTE
    _printf_int_dec                          0x00000000   Number         0  stubs.o ABSOLUTE
    _printf_l                                0x00000000   Number         0  stubs.o ABSOLUTE
    _printf_lc                               0x00000000   Number         0  stubs.o ABSOLUTE
    _printf_ll                               0x00000000   Number         0  stubs.o ABSOLUTE
    _printf_lld                              0x00000000   Number         0  stubs.o ABSOLUTE
    _printf_lli                              0x00000000   Number         0  stubs.o ABSOLUTE
    _printf_llo                              0x00000000   Number         0  stubs.o ABSOLUTE
    _printf_llu                              0x00000000   Number         0  stubs.o ABSOLUTE
    _printf_llx                              0x00000000   Number         0  stubs.o ABSOLUTE
    _printf_longlong_dec                     0x00000000   Number         0  stubs.o ABSOLUTE
    _printf_longlong_hex                     0x00000000   Number         0  stubs.o ABSOLUTE
    _printf_longlong_oct                     0x00000000   Number         0  stubs.o ABSOLUTE
    _printf_ls                               0x00000000   Number         0  stubs.o ABSOLUTE
    _printf_mbtowc                           0x00000000   Number         0  stubs.o ABSOLUTE
    _printf_n                                0x00000000   Number         0  stubs.o ABSOLUTE
    _printf_o                                0x00000000   Number         0  stubs.o ABSOLUTE
    _printf_p                                0x00000000   Number         0  stubs.o ABSOLUTE
    _printf_percent                          0x00000000   Number         0  stubs.o ABSOLUTE
    _printf_pre_padding                      0x00000000   Number         0  stubs.o ABSOLUTE
    _printf_return_value                     0x00000000   Number         0  stubs.o ABSOLUTE
    _printf_s                                0x00000000   Number         0  stubs.o ABSOLUTE
    _printf_sizespec                         0x00000000   Number         0  stubs.o ABSOLUTE
    _printf_str                              0x00000000   Number         0  stubs.o ABSOLUTE
    _printf_truncate_signed                  0x00000000   Number         0  stubs.o ABSOLUTE
    _printf_truncate_unsigned                0x00000000   Number         0  stubs.o ABSOLUTE
    _printf_u                                0x00000000   Number         0  stubs.o ABSOLUTE
    _printf_wc                               0x00000000   Number         0  stubs.o ABSOLUTE
    _printf_wctomb                           0x00000000   Number         0  stubs.o ABSOLUTE
    _printf_widthprec                        0x00000000   Number         0  stubs.o ABSOLUTE
    _printf_x                                0x00000000   Number         0  stubs.o ABSOLUTE
    __arm_fini_                               - Undefined Weak Reference
    __cpp_initialize__aeabi_                  - Undefined Weak Reference
    __cxa_finalize                            - Undefined Weak Reference
    __decompress                              - Undefined Weak Reference
    _clock_init                               - Undefined Weak Reference
    _microlib_exit                            - Undefined Weak Reference
    __Vectors_Size                           0x000000ec   Number         0  startup_stm32f103xb.o ABSOLUTE
    __Vectors                                0x08000000   Data           4  startup_stm32f103xb.o(RESET)
    __Vectors_End                            0x080000ec   Data           0  startup_stm32f103xb.o(RESET)
    __main                                   0x080000ed   Thumb Code     0  entry.o(.ARM.Collect$$$$00000000)
    _main_stk                                0x080000ed   Thumb Code     0  entry2.o(.ARM.Collect$$$$00000001)
    _main_scatterload                        0x080000f1   Thumb Code     0  entry5.o(.ARM.Collect$$$$00000004)
    __main_after_scatterload                 0x080000f5   Thumb Code     0  entry5.o(.ARM.Collect$$$$00000004)
    _main_clock                              0x080000f5   Thumb Code     0  entry7b.o(.ARM.Collect$$$$00000008)
    _main_cpp_init                           0x080000f5   Thumb Code     0  entry8b.o(.ARM.Collect$$$$0000000A)
    _main_init                               0x080000f5   Thumb Code     0  entry9a.o(.ARM.Collect$$$$0000000B)
    __rt_lib_shutdown_fini                   0x080000fd   Thumb Code     0  entry12b.o(.ARM.Collect$$$$0000000E)
    __rt_final_cpp                           0x08000101   Thumb Code     0  entry10a.o(.ARM.Collect$$$$0000000F)
    __rt_final_exit                          0x08000101   Thumb Code     0  entry11a.o(.ARM.Collect$$$$00000011)
    SVC_Handler                              0x08000105   Thumb Code    32  port.o(.emb_text)
    __asm___6_port_c_39a90d8d__prvStartFirstTask 0x08000129   Thumb Code    28  port.o(.emb_text)
    PendSV_Handler                           0x08000149   Thumb Code    72  port.o(.emb_text)
    vPortGetIPSR                             0x08000195   Thumb Code     6  port.o(.emb_text)
    Reset_Handler                            0x0800019d   Thumb Code     8  startup_stm32f103xb.o(.text)
    ADC1_2_IRQHandler                        0x080001b7   Thumb Code     0  startup_stm32f103xb.o(.text)
    CAN1_RX1_IRQHandler                      0x080001b7   Thumb Code     0  startup_stm32f103xb.o(.text)
    CAN1_SCE_IRQHandler                      0x080001b7   Thumb Code     0  startup_stm32f103xb.o(.text)
    DMA1_Channel1_IRQHandler                 0x080001b7   Thumb Code     0  startup_stm32f103xb.o(.text)
    DMA1_Channel2_IRQHandler                 0x080001b7   Thumb Code     0  startup_stm32f103xb.o(.text)
    DMA1_Channel3_IRQHandler                 0x080001b7   Thumb Code     0  startup_stm32f103xb.o(.text)
    DMA1_Channel4_IRQHandler                 0x080001b7   Thumb Code     0  startup_stm32f103xb.o(.text)
    DMA1_Channel5_IRQHandler                 0x080001b7   Thumb Code     0  startup_stm32f103xb.o(.text)
    DMA1_Channel6_IRQHandler                 0x080001b7   Thumb Code     0  startup_stm32f103xb.o(.text)
    DMA1_Channel7_IRQHandler                 0x080001b7   Thumb Code     0  startup_stm32f103xb.o(.text)
    EXTI0_IRQHandler                         0x080001b7   Thumb Code     0  startup_stm32f103xb.o(.text)
    EXTI15_10_IRQHandler                     0x080001b7   Thumb Code     0  startup_stm32f103xb.o(.text)
    EXTI1_IRQHandler                         0x080001b7   Thumb Code     0  startup_stm32f103xb.o(.text)
    EXTI2_IRQHandler                         0x080001b7   Thumb Code     0  startup_stm32f103xb.o(.text)
    EXTI3_IRQHandler                         0x080001b7   Thumb Code     0  startup_stm32f103xb.o(.text)
    EXTI4_IRQHandler                         0x080001b7   Thumb Code     0  startup_stm32f103xb.o(.text)
    EXTI9_5_IRQHandler                       0x080001b7   Thumb Code     0  startup_stm32f103xb.o(.text)
    FLASH_IRQHandler                         0x080001b7   Thumb Code     0  startup_stm32f103xb.o(.text)
    I2C1_ER_IRQHandler                       0x080001b7   Thumb Code     0  startup_stm32f103xb.o(.text)
    I2C1_EV_IRQHandler                       0x080001b7   Thumb Code     0  startup_stm32f103xb.o(.text)
    I2C2_ER_IRQHandler                       0x080001b7   Thumb Code     0  startup_stm32f103xb.o(.text)
    I2C2_EV_IRQHandler                       0x080001b7   Thumb Code     0  startup_stm32f103xb.o(.text)
    PVD_IRQHandler                           0x080001b7   Thumb Code     0  startup_stm32f103xb.o(.text)
    RCC_IRQHandler                           0x080001b7   Thumb Code     0  startup_stm32f103xb.o(.text)
    RTC_Alarm_IRQHandler                     0x080001b7   Thumb Code     0  startup_stm32f103xb.o(.text)
    RTC_IRQHandler                           0x080001b7   Thumb Code     0  startup_stm32f103xb.o(.text)
    SPI1_IRQHandler                          0x080001b7   Thumb Code     0  startup_stm32f103xb.o(.text)
    SPI2_IRQHandler                          0x080001b7   Thumb Code     0  startup_stm32f103xb.o(.text)
    TAMPER_IRQHandler                        0x080001b7   Thumb Code     0  startup_stm32f103xb.o(.text)
    TIM1_BRK_IRQHandler                      0x080001b7   Thumb Code     0  startup_stm32f103xb.o(.text)
    TIM1_CC_IRQHandler                       0x080001b7   Thumb Code     0  startup_stm32f103xb.o(.text)
    TIM1_TRG_COM_IRQHandler                  0x080001b7   Thumb Code     0  startup_stm32f103xb.o(.text)
    TIM2_IRQHandler                          0x080001b7   Thumb Code     0  startup_stm32f103xb.o(.text)
    TIM3_IRQHandler                          0x080001b7   Thumb Code     0  startup_stm32f103xb.o(.text)
    TIM4_IRQHandler                          0x080001b7   Thumb Code     0  startup_stm32f103xb.o(.text)
    USART2_IRQHandler                        0x080001b7   Thumb Code     0  startup_stm32f103xb.o(.text)
    USBWakeUp_IRQHandler                     0x080001b7   Thumb Code     0  startup_stm32f103xb.o(.text)
    USB_HP_CAN1_TX_IRQHandler                0x080001b7   Thumb Code     0  startup_stm32f103xb.o(.text)
    USB_LP_CAN1_RX0_IRQHandler               0x080001b7   Thumb Code     0  startup_stm32f103xb.o(.text)
    WWDG_IRQHandler                          0x080001b7   Thumb Code     0  startup_stm32f103xb.o(.text)
    __aeabi_llsr                             0x080001c1   Thumb Code    32  llushr.o(.text)
    _ll_ushift_r                             0x080001c1   Thumb Code     0  llushr.o(.text)
    __rt_ctype_table                         0x080001e1   Thumb Code     4  ctype_o.o(.text)
    isspace                                  0x080001e9   Thumb Code    18  isspace_o.o(.text)
    __aeabi_memcpy                           0x080001fb   Thumb Code    36  memcpya.o(.text)
    __aeabi_memcpy4                          0x080001fb   Thumb Code     0  memcpya.o(.text)
    __aeabi_memcpy8                          0x080001fb   Thumb Code     0  memcpya.o(.text)
    __aeabi_memset                           0x0800021f   Thumb Code    14  memseta.o(.text)
    __aeabi_memset4                          0x0800021f   Thumb Code     0  memseta.o(.text)
    __aeabi_memset8                          0x0800021f   Thumb Code     0  memseta.o(.text)
    __aeabi_memclr                           0x0800022d   Thumb Code     4  memseta.o(.text)
    __aeabi_memclr4                          0x0800022d   Thumb Code     0  memseta.o(.text)
    __aeabi_memclr8                          0x0800022d   Thumb Code     0  memseta.o(.text)
    _memset$wrapper                          0x08000231   Thumb Code    18  memseta.o(.text)
    strstr                                   0x08000243   Thumb Code    36  strstr.o(.text)
    strncpy                                  0x08000267   Thumb Code    24  strncpy.o(.text)
    strchr                                   0x0800027f   Thumb Code    20  strchr.o(.text)
    strlen                                   0x08000293   Thumb Code    14  strlen.o(.text)
    strcpy                                   0x080002a1   Thumb Code    18  strcpy.o(.text)
    __aeabi_fadd                             0x080002b3   Thumb Code   164  fadd.o(.text)
    __aeabi_fsub                             0x08000357   Thumb Code     6  fadd.o(.text)
    __aeabi_frsub                            0x0800035d   Thumb Code     6  fadd.o(.text)
    __aeabi_fmul                             0x08000363   Thumb Code   100  fmul.o(.text)
    __aeabi_fdiv                             0x080003c7   Thumb Code   124  fdiv.o(.text)
    __aeabi_dmul                             0x08000443   Thumb Code   228  dmul.o(.text)
    __aeabi_ui2f                             0x08000527   Thumb Code    10  ffltui.o(.text)
    __aeabi_f2iz                             0x08000531   Thumb Code    50  ffixi.o(.text)
    __aeabi_f2uiz                            0x08000563   Thumb Code    40  ffixui.o(.text)
    __aeabi_f2d                              0x0800058b   Thumb Code    38  f2d.o(.text)
    __aeabi_d2f                              0x080005b1   Thumb Code    56  d2f.o(.text)
    __aeabi_cfrcmple                         0x080005e9   Thumb Code    20  cfrcmple.o(.text)
    __aeabi_uidiv                            0x080005fd   Thumb Code     0  uidiv.o(.text)
    __aeabi_uidivmod                         0x080005fd   Thumb Code    44  uidiv.o(.text)
    __aeabi_uldivmod                         0x08000629   Thumb Code    98  uldiv.o(.text)
    __strtod_int                             0x080006c3   Thumb Code    90  strtod.o(.text)
    __I$use$fp                               0x08000729   Thumb Code     0  iusefp.o(.text)
    _float_round                             0x08000729   Thumb Code    18  fepilogue.o(.text)
    _float_epilogue                          0x0800073b   Thumb Code    92  fepilogue.o(.text)
    _double_round                            0x08000797   Thumb Code    30  depilogue.o(.text)
    _double_epilogue                         0x080007b5   Thumb Code   156  depilogue.o(.text)
    __aeabi_dadd                             0x08000851   Thumb Code   322  dadd.o(.text)
    __aeabi_dsub                             0x08000993   Thumb Code     6  dadd.o(.text)
    __aeabi_drsub                            0x08000999   Thumb Code     6  dadd.o(.text)
    __aeabi_ddiv                             0x0800099f   Thumb Code   222  ddiv.o(.text)
    __ARM_scalbn                             0x08000a7d   Thumb Code    46  dscalb.o(.text)
    scalbn                                   0x08000a7d   Thumb Code     0  dscalb.o(.text)
    __aeabi_i2d                              0x08000aab   Thumb Code    34  dflti.o(.text)
    __aeabi_d2ulz                            0x08000acd   Thumb Code    48  dfixul.o(.text)
    __aeabi_cdrcmple                         0x08000afd   Thumb Code    48  cdrcmple.o(.text)
    __scatterload                            0x08000b2d   Thumb Code    28  init.o(.text)
    __scatterload_rt2                        0x08000b2d   Thumb Code     0  init.o(.text)
    __aeabi_llsl                             0x08000b51   Thumb Code    30  llshl.o(.text)
    _ll_shift_l                              0x08000b51   Thumb Code     0  llshl.o(.text)
    __aeabi_lasr                             0x08000b6f   Thumb Code    36  llsshr.o(.text)
    _ll_sshift_r                             0x08000b6f   Thumb Code     0  llsshr.o(.text)
    _scanf_real                              0x08000cbd   Thumb Code     0  scanf_fp.o(.text)
    _scanf_really_real                       0x08000cbd   Thumb Code   556  scanf_fp.o(.text)
    _sgetc                                   0x08000ef5   Thumb Code    30  _sgetc.o(.text)
    _sbackspace                              0x08000f13   Thumb Code    34  _sgetc.o(.text)
    _dsqrt                                   0x08000f35   Thumb Code   162  dsqrt.o(.text)
    __aeabi_ul2d                             0x08000fd7   Thumb Code    24  dfltul.o(.text)
    ADC_ConversionStop_Disable               0x08000ff1   Thumb Code    86  stm32f1xx_hal_adc.o(i.ADC_ConversionStop_Disable)
    ADC_Enable                               0x08001049   Thumb Code   114  stm32f1xx_hal_adc.o(i.ADC_Enable)
    BusFault_Handler                         0x080010c5   Thumb Code     2  stm32f1xx_it.o(i.BusFault_Handler)
    DebugMon_Handler                         0x080010c7   Thumb Code     2  stm32f1xx_it.o(i.DebugMon_Handler)
    ESP32C3_AT_ConnectWiFi                   0x080010c9   Thumb Code   260  esp32at.o(i.ESP32C3_AT_ConnectWiFi)
    ESP32C3_AT_EnableSTA_DHCP                0x080012c9   Thumb Code    12  esp32at.o(i.ESP32C3_AT_EnableSTA_DHCP)
    ESP32C3_AT_GetSTAIP                      0x080012e9   Thumb Code    70  esp32at.o(i.ESP32C3_AT_GetSTAIP)
    ESP32C3_AT_MQTT_Config_CMCC              0x08001385   Thumb Code    44  esp32at.o(i.ESP32C3_AT_MQTT_Config_CMCC)
    ESP32C3_AT_MQTT_Connect_CMCC             0x08001421   Thumb Code    44  esp32at.o(i.ESP32C3_AT_MQTT_Connect_CMCC)
    ESP32C3_AT_ParseSTAIP                    0x080014f1   Thumb Code   130  esp32at.o(i.ESP32C3_AT_ParseSTAIP)
    ESP32C3_AT_Reset                         0x08001575   Thumb Code    40  esp32at.o(i.ESP32C3_AT_Reset)
    ESP32C3_AT_SendCmd                       0x080015b5   Thumb Code    56  esp32at.o(i.ESP32C3_AT_SendCmd)
    ESP32C3_AT_SendCmdAndWaitResp            0x08001601   Thumb Code   130  esp32at.o(i.ESP32C3_AT_SendCmdAndWaitResp)
    ESP32C3_AT_SetWiFiMode                   0x080016b5   Thumb Code    40  esp32at.o(i.ESP32C3_AT_SetWiFiMode)
    ESP32C3_AT_Test                          0x080016f1   Thumb Code    12  esp32at.o(i.ESP32C3_AT_Test)
    ESP32_OneNET_Post_Sensors_Data           0x08001705   Thumb Code   232  app_freertos.o(i.ESP32_OneNET_Post_Sensors_Data)
    ESP32_OneNET_Reply_Get                   0x08001961   Thumb Code   226  app_freertos.o(i.ESP32_OneNET_Reply_Get)
    ESP32_OneNET_Reply_Set                   0x08001b81   Thumb Code    98  esp32at.o(i.ESP32_OneNET_Reply_Set)
    ESP32_OneNET_Subscribe_All               0x08001cd5   Thumb Code   118  esp32at.o(i.ESP32_OneNET_Subscribe_All)
    Error_Handler                            0x08001e71   Thumb Code     4  main.o(i.Error_Handler)
    FreeRTOS_Start                           0x08001e75   Thumb Code   126  app_freertos.o(i.FreeRTOS_Start)
    Gas_Measure_Init                         0x08001f61   Thumb Code     4  gass_measure.o(i.Gas_Measure_Init)
    HAL_ADC_ConfigChannel                    0x08001f65   Thumb Code   240  stm32f1xx_hal_adc.o(i.HAL_ADC_ConfigChannel)
    HAL_ADC_GetValue                         0x08002061   Thumb Code     6  stm32f1xx_hal_adc.o(i.HAL_ADC_GetValue)
    HAL_ADC_Init                             0x08002069   Thumb Code   272  stm32f1xx_hal_adc.o(i.HAL_ADC_Init)
    HAL_ADC_MspInit                          0x08002185   Thumb Code    76  adc.o(i.HAL_ADC_MspInit)
    HAL_ADC_Start                            0x080021dd   Thumb Code   184  stm32f1xx_hal_adc.o(i.HAL_ADC_Start)
    HAL_DMA_Abort                            0x0800229d   Thumb Code    70  stm32f1xx_hal_dma.o(i.HAL_DMA_Abort)
    HAL_DMA_Abort_IT                         0x080022e5   Thumb Code   148  stm32f1xx_hal_dma.o(i.HAL_DMA_Abort_IT)
    HAL_Delay                                0x0800237d   Thumb Code    32  stm32f1xx_hal.o(i.HAL_Delay)
    HAL_GPIO_Init                            0x080023a1   Thumb Code   446  stm32f1xx_hal_gpio.o(i.HAL_GPIO_Init)
    HAL_GPIO_ReadPin                         0x08002581   Thumb Code    10  stm32f1xx_hal_gpio.o(i.HAL_GPIO_ReadPin)
    HAL_GPIO_WritePin                        0x0800258b   Thumb Code    10  stm32f1xx_hal_gpio.o(i.HAL_GPIO_WritePin)
    HAL_GetTick                              0x08002595   Thumb Code     6  stm32f1xx_hal.o(i.HAL_GetTick)
    HAL_I2C_Init                             0x080025a1   Thumb Code   376  stm32f1xx_hal_i2c.o(i.HAL_I2C_Init)
    HAL_I2C_Mem_Write                        0x08002729   Thumb Code   294  stm32f1xx_hal_i2c.o(i.HAL_I2C_Mem_Write)
    HAL_I2C_MspInit                          0x08002859   Thumb Code    80  i2c.o(i.HAL_I2C_MspInit)
    HAL_IncTick                              0x080028b5   Thumb Code    12  stm32f1xx_hal.o(i.HAL_IncTick)
    HAL_Init                                 0x080028c5   Thumb Code    32  stm32f1xx_hal.o(i.HAL_Init)
    HAL_InitTick                             0x080028e9   Thumb Code   118  stm32f1xx_hal_timebase_tim.o(i.HAL_InitTick)
    HAL_MspInit                              0x08002975   Thumb Code    52  stm32f1xx_hal_msp.o(i.HAL_MspInit)
    HAL_NVIC_EnableIRQ                       0x080029b1   Thumb Code    26  stm32f1xx_hal_cortex.o(i.HAL_NVIC_EnableIRQ)
    HAL_NVIC_SetPriority                     0x080029cd   Thumb Code    60  stm32f1xx_hal_cortex.o(i.HAL_NVIC_SetPriority)
    HAL_NVIC_SetPriorityGrouping             0x08002a0d   Thumb Code    26  stm32f1xx_hal_cortex.o(i.HAL_NVIC_SetPriorityGrouping)
    HAL_RCCEx_PeriphCLKConfig                0x08002a31   Thumb Code   224  stm32f1xx_hal_rcc_ex.o(i.HAL_RCCEx_PeriphCLKConfig)
    HAL_RCC_ClockConfig                      0x08002b1d   Thumb Code   280  stm32f1xx_hal_rcc.o(i.HAL_RCC_ClockConfig)
    HAL_RCC_GetClockConfig                   0x08002c49   Thumb Code    54  stm32f1xx_hal_rcc.o(i.HAL_RCC_GetClockConfig)
    HAL_RCC_GetPCLK1Freq                     0x08002c89   Thumb Code    20  stm32f1xx_hal_rcc.o(i.HAL_RCC_GetPCLK1Freq)
    HAL_RCC_GetPCLK2Freq                     0x08002ca9   Thumb Code    20  stm32f1xx_hal_rcc.o(i.HAL_RCC_GetPCLK2Freq)
    HAL_RCC_GetSysClockFreq                  0x08002cc9   Thumb Code    58  stm32f1xx_hal_rcc.o(i.HAL_RCC_GetSysClockFreq)
    HAL_RCC_OscConfig                        0x08002d15   Thumb Code   778  stm32f1xx_hal_rcc.o(i.HAL_RCC_OscConfig)
    HAL_TIMEx_BreakCallback                  0x08003035   Thumb Code     2  stm32f1xx_hal_tim_ex.o(i.HAL_TIMEx_BreakCallback)
    HAL_TIMEx_CommutCallback                 0x08003037   Thumb Code     2  stm32f1xx_hal_tim_ex.o(i.HAL_TIMEx_CommutCallback)
    HAL_TIM_Base_Init                        0x08003039   Thumb Code    90  stm32f1xx_hal_tim.o(i.HAL_TIM_Base_Init)
    HAL_TIM_Base_MspInit                     0x08003093   Thumb Code     2  stm32f1xx_hal_tim.o(i.HAL_TIM_Base_MspInit)
    HAL_TIM_Base_Start_IT                    0x08003095   Thumb Code    76  stm32f1xx_hal_tim.o(i.HAL_TIM_Base_Start_IT)
    HAL_TIM_IC_CaptureCallback               0x080030ed   Thumb Code     2  stm32f1xx_hal_tim.o(i.HAL_TIM_IC_CaptureCallback)
    HAL_TIM_IRQHandler                       0x080030ef   Thumb Code   358  stm32f1xx_hal_tim.o(i.HAL_TIM_IRQHandler)
    HAL_TIM_OC_DelayElapsedCallback          0x08003255   Thumb Code     2  stm32f1xx_hal_tim.o(i.HAL_TIM_OC_DelayElapsedCallback)
    HAL_TIM_PWM_PulseFinishedCallback        0x08003257   Thumb Code     2  stm32f1xx_hal_tim.o(i.HAL_TIM_PWM_PulseFinishedCallback)
    HAL_TIM_PeriodElapsedCallback            0x08003259   Thumb Code    14  main.o(i.HAL_TIM_PeriodElapsedCallback)
    HAL_TIM_TriggerCallback                  0x0800326d   Thumb Code     2  stm32f1xx_hal_tim.o(i.HAL_TIM_TriggerCallback)
    HAL_UARTEx_ReceiveToIdle_IT              0x0800326f   Thumb Code    78  stm32f1xx_hal_uart.o(i.HAL_UARTEx_ReceiveToIdle_IT)
    HAL_UARTEx_RxEventCallback               0x080032bd   Thumb Code    92  main.o(i.HAL_UARTEx_RxEventCallback)
    HAL_UART_ErrorCallback                   0x08003331   Thumb Code     2  stm32f1xx_hal_uart.o(i.HAL_UART_ErrorCallback)
    HAL_UART_IRQHandler                      0x08003335   Thumb Code   616  stm32f1xx_hal_uart.o(i.HAL_UART_IRQHandler)
    HAL_UART_Init                            0x080035a1   Thumb Code   100  stm32f1xx_hal_uart.o(i.HAL_UART_Init)
    HAL_UART_MspInit                         0x08003605   Thumb Code   244  usart.o(i.HAL_UART_MspInit)
    HAL_UART_Receive                         0x08003711   Thumb Code   172  stm32f1xx_hal_uart.o(i.HAL_UART_Receive)
    HAL_UART_RxCpltCallback                  0x080037bd   Thumb Code     2  stm32f1xx_hal_uart.o(i.HAL_UART_RxCpltCallback)
    HAL_UART_Transmit                        0x080037bf   Thumb Code   154  stm32f1xx_hal_uart.o(i.HAL_UART_Transmit)
    HAL_UART_TxCpltCallback                  0x08003859   Thumb Code     2  stm32f1xx_hal_uart.o(i.HAL_UART_TxCpltCallback)
    HardFault_Handler                        0x0800385b   Thumb Code     2  stm32f1xx_it.o(i.HardFault_Handler)
    Inf_DHT11_Delay_us                       0x08003b31   Thumb Code    28  dht11.o(i.Inf_DHT11_Delay_us)
    Inf_DHT11_Init                           0x08003b55   Thumb Code    24  dht11.o(i.Inf_DHT11_Init)
    Inf_DHT11_getData                        0x08003b71   Thumb Code   288  dht11.o(i.Inf_DHT11_getData)
    MQ2_GetConcentration_PPM                 0x08003cc1   Thumb Code   140  mq2.o(i.MQ2_GetConcentration_PPM)
    MQ2_Init                                 0x08003d7d   Thumb Code     6  mq2.o(i.MQ2_Init)
    MX_ADC1_Init                             0x08003d89   Thumb Code    70  adc.o(i.MX_ADC1_Init)
    MX_GPIO_Init                             0x08003dd9   Thumb Code   138  gpio.o(i.MX_GPIO_Init)
    MX_I2C1_Init                             0x08003e6d   Thumb Code    50  i2c.o(i.MX_I2C1_Init)
    MX_USART1_UART_Init                      0x08003ead   Thumb Code    48  usart.o(i.MX_USART1_UART_Init)
    MX_USART2_UART_Init                      0x08003ee5   Thumb Code    48  usart.o(i.MX_USART2_UART_Init)
    MX_USART3_UART_Init                      0x08003f1d   Thumb Code    48  usart.o(i.MX_USART3_UART_Init)
    MemManage_Handler                        0x08003f55   Thumb Code     2  stm32f1xx_it.o(i.MemManage_Handler)
    NMI_Handler                              0x08003f57   Thumb Code     2  stm32f1xx_it.o(i.NMI_Handler)
    OLED_ClearArea                           0x08003f59   Thumb Code   132  ssd1315.o(i.OLED_ClearArea)
    OLED_Fill_AllOff                         0x08003fe1   Thumb Code    52  ssd1315.o(i.OLED_Fill_AllOff)
    OLED_Init                                0x08004015   Thumb Code   334  oled.o(i.OLED_Init)
    OLED_SendCmd                             0x08004165   Thumb Code    30  ssd1315.o(i.OLED_SendCmd)
    OLED_SendData                            0x08004189   Thumb Code    30  ssd1315.o(i.OLED_SendData)
    OLED_SendData_Batch                      0x080041ad   Thumb Code    30  ssd1315.o(i.OLED_SendData_Batch)
    OLED_SetArea                             0x080041d1   Thumb Code    52  ssd1315.o(i.OLED_SetArea)
    OLED_ShowHz_12x12                        0x08004205   Thumb Code    54  ssd1315.o(i.OLED_ShowHz_12x12)
    OLED_ShowNum_12x6                        0x08004241   Thumb Code    52  ssd1315.o(i.OLED_ShowNum_12x6)
    OLED_Show_humiture                       0x08004279   Thumb Code   110  oled.o(i.OLED_Show_humiture)
    OLED_Show_mq2                            0x080042e9   Thumb Code   238  oled.o(i.OLED_Show_mq2)
    OLED_Show_voc201                         0x080043dd   Thumb Code   684  oled.o(i.OLED_Show_voc201)
    SSD1315_Init                             0x08004699   Thumb Code   180  ssd1315.o(i.SSD1315_Init)
    SysTick_Handler                          0x0800474d   Thumb Code    20  stm32f1xx_it.o(i.SysTick_Handler)
    SystemClock_Config                       0x08004761   Thumb Code   120  main.o(i.SystemClock_Config)
    SystemInit                               0x080047d9   Thumb Code     2  system_stm32f1xx.o(i.SystemInit)
    TIM1_UP_IRQHandler                       0x080047dd   Thumb Code     6  stm32f1xx_it.o(i.TIM1_UP_IRQHandler)
    TIM_Base_SetConfig                       0x080047e9   Thumb Code    94  stm32f1xx_hal_tim.o(i.TIM_Base_SetConfig)
    UART_Start_Receive_IT                    0x08004a2d   Thumb Code    54  stm32f1xx_hal_uart.o(i.UART_Start_Receive_IT)
    USART1_IRQHandler                        0x08004add   Thumb Code     6  stm32f1xx_it.o(i.USART1_IRQHandler)
    USART3_IRQHandler                        0x08004ae9   Thumb Code     6  stm32f1xx_it.o(i.USART3_IRQHandler)
    UsageFault_Handler                       0x08004af5   Thumb Code     2  stm32f1xx_it.o(i.UsageFault_Handler)
    VOC201_Receive                           0x08004af9   Thumb Code   100  21voc.o(i.VOC201_Receive)
    VOC301_ParseData                         0x08004ba9   Thumb Code   158  gass_measure.o(i.VOC301_ParseData)
    __0printf                                0x08004c99   Thumb Code    22  printfa.o(i.__0printf)
    __1printf                                0x08004c99   Thumb Code     0  printfa.o(i.__0printf)
    __2printf                                0x08004c99   Thumb Code     0  printfa.o(i.__0printf)
    __c89printf                              0x08004c99   Thumb Code     0  printfa.o(i.__0printf)
    printf                                   0x08004c99   Thumb Code     0  printfa.o(i.__0printf)
    __0sprintf                               0x08004cb9   Thumb Code    34  printfa.o(i.__0sprintf)
    __1sprintf                               0x08004cb9   Thumb Code     0  printfa.o(i.__0sprintf)
    __2sprintf                               0x08004cb9   Thumb Code     0  printfa.o(i.__0sprintf)
    __c89sprintf                             0x08004cb9   Thumb Code     0  printfa.o(i.__0sprintf)
    sprintf                                  0x08004cb9   Thumb Code     0  printfa.o(i.__0sprintf)
    __ARM_fpclassify                         0x08004ce1   Thumb Code    40  fpclassify.o(i.__ARM_fpclassify)
    __kernel_poly                            0x08004d29   Thumb Code   170  poly.o(i.__kernel_poly)
    __mathlib_dbl_divzero                    0x08004dd5   Thumb Code    12  dunder.o(i.__mathlib_dbl_divzero)
    __mathlib_dbl_infnan2                    0x08004de5   Thumb Code     4  dunder.o(i.__mathlib_dbl_infnan2)
    __mathlib_dbl_invalid                    0x08004de9   Thumb Code    12  dunder.o(i.__mathlib_dbl_invalid)
    __mathlib_dbl_overflow                   0x08004df5   Thumb Code    14  dunder.o(i.__mathlib_dbl_overflow)
    __mathlib_dbl_underflow                  0x08004e05   Thumb Code    10  dunder.o(i.__mathlib_dbl_underflow)
    __read_errno                             0x08004e15   Thumb Code     6  errno.o(i.__read_errno)
    __scatterload_copy                       0x08004e21   Thumb Code    14  handlers.o(i.__scatterload_copy)
    __scatterload_null                       0x08004e2f   Thumb Code     2  handlers.o(i.__scatterload_null)
    __scatterload_zeroinit                   0x08004e31   Thumb Code    14  handlers.o(i.__scatterload_zeroinit)
    __set_errno                              0x08004e41   Thumb Code     6  errno.o(i.__set_errno)
    _is_digit                                0x08004fd1   Thumb Code    14  scanf_fp.o(i._is_digit)
    atof                                     0x080056f1   Thumb Code    42  atof.o(i.atof)
    fputc                                    0x0800571d   Thumb Code    18  usart.o(i.fputc)
    humiture_init                            0x08005735   Thumb Code     4  humiture.o(i.humiture_init)
    humiture_read                            0x08005739   Thumb Code    32  humiture.o(i.humiture_read)
    main                                     0x08005775   Thumb Code    84  main.o(i.main)
    mq2_read                                 0x080057e9   Thumb Code    12  gass_measure.o(i.mq2_read)
    onenet_init                              0x080057f9   Thumb Code    86  onenet.o(i.onenet_init)
    pow                                      0x08005891   Thumb Code  2512  pow.o(i.pow)
    pvPortMalloc                             0x080066a1   Thumb Code   146  heap_4.o(i.pvPortMalloc)
    pvTaskIncrementMutexHeldCount            0x08006739   Thumb Code    18  tasks.o(i.pvTaskIncrementMutexHeldCount)
    pxPortInitialiseStack                    0x08006751   Thumb Code    32  port.o(i.pxPortInitialiseStack)
    sqrt                                     0x08006775   Thumb Code    76  sqrt.o(i.sqrt)
    uxListRemove                             0x080067c1   Thumb Code    38  list.o(i.uxListRemove)
    uxTaskGetNumberOfTasks                   0x080067e9   Thumb Code     6  tasks.o(i.uxTaskGetNumberOfTasks)
    vListInitialise                          0x080067f5   Thumb Code    22  list.o(i.vListInitialise)
    vListInitialiseItem                      0x0800680b   Thumb Code     6  list.o(i.vListInitialiseItem)
    vListInsert                              0x08006811   Thumb Code    48  list.o(i.vListInsert)
    vPortEnterCritical                       0x08006841   Thumb Code    24  port.o(i.vPortEnterCritical)
    vPortExitCritical                        0x0800685d   Thumb Code    16  port.o(i.vPortExitCritical)
    vPortFree                                0x08006871   Thumb Code    64  heap_4.o(i.vPortFree)
    vPortSetupTimerInterrupt                 0x080068b5   Thumb Code    20  port.o(i.vPortSetupTimerInterrupt)
    vTaskDelay                               0x080068cd   Thumb Code    44  tasks.o(i.vTaskDelay)
    vTaskInternalSetTimeOutState             0x080068fd   Thumb Code    12  tasks.o(i.vTaskInternalSetTimeOutState)
    vTaskMissedYield                         0x0800690d   Thumb Code     8  tasks.o(i.vTaskMissedYield)
    vTaskPlaceOnEventList                    0x08006919   Thumb Code    26  tasks.o(i.vTaskPlaceOnEventList)
    vTaskPriorityDisinheritAfterTimeout      0x08006939   Thumb Code   146  tasks.o(i.vTaskPriorityDisinheritAfterTimeout)
    vTaskStartScheduler                      0x080069d5   Thumb Code    64  tasks.o(i.vTaskStartScheduler)
    vTaskSuspendAll                          0x08006a25   Thumb Code    10  tasks.o(i.vTaskSuspendAll)
    vTaskSwitchContext                       0x08006a35   Thumb Code    60  tasks.o(i.vTaskSwitchContext)
    vTask_CloudCommand                       0x08006a79   Thumb Code   516  app_freertos.o(i.vTask_CloudCommand)
    voc201_read                              0x08007015   Thumb Code    30  gass_measure.o(i.voc201_read)
    xPortStartScheduler                      0x0800703d   Thumb Code    38  port.o(i.xPortStartScheduler)
    xPortSysTickHandler                      0x0800706d   Thumb Code    38  port.o(i.xPortSysTickHandler)
    xQueueCreateMutex                        0x08007099   Thumb Code    36  queue.o(i.xQueueCreateMutex)
    xQueueGenericCreate                      0x080070bd   Thumb Code    70  queue.o(i.xQueueGenericCreate)
    xQueueGenericReset                       0x08007105   Thumb Code   144  queue.o(i.xQueueGenericReset)
    xQueueGenericSend                        0x08007199   Thumb Code   242  queue.o(i.xQueueGenericSend)
    xQueueGiveFromISR                        0x08007291   Thumb Code   102  queue.o(i.xQueueGiveFromISR)
    xQueuePeek                               0x080072f9   Thumb Code   228  queue.o(i.xQueuePeek)
    xQueueReceive                            0x080073e1   Thumb Code   236  queue.o(i.xQueueReceive)
    xQueueSemaphoreTake                      0x080074d1   Thumb Code   292  queue.o(i.xQueueSemaphoreTake)
    xTaskCheckForTimeOut                     0x080075f9   Thumb Code    82  tasks.o(i.xTaskCheckForTimeOut)
    xTaskCreate                              0x08007651   Thumb Code    92  tasks.o(i.xTaskCreate)
    xTaskGetSchedulerState                   0x080076ad   Thumb Code    22  tasks.o(i.xTaskGetSchedulerState)
    xTaskIncrementTick                       0x080076c9   Thumb Code   282  tasks.o(i.xTaskIncrementTick)
    xTaskPriorityDisinherit                  0x080077ed   Thumb Code   132  tasks.o(i.xTaskPriorityDisinherit)
    xTaskPriorityInherit                     0x08007879   Thumb Code   168  tasks.o(i.xTaskPriorityInherit)
    xTaskRemoveFromEventList                 0x08007929   Thumb Code   192  tasks.o(i.xTaskRemoveFromEventList)
    xTaskResumeAll                           0x080079f1   Thumb Code   266  tasks.o(i.xTaskResumeAll)
    AHBPrescTable                            0x08007b1a   Data          16  system_stm32f1xx.o(.constdata)
    APBPrescTable                            0x08007b2a   Data           8  system_stm32f1xx.o(.constdata)
    asc2_1206                                0x08007b32   Data        1164  font.o(.constdata)
    hz_24                                    0x08007fbe   Data         312  font.o(.constdata)
    __ctype_table                            0x08008180   Data         129  ctype_o.o(.constdata)
    __mathlib_zero                           0x08008208   Data           8  qnan.o(.constdata)
    Region$$Table$$Base                      0x080082c4   Number         0  anon$$obj.o(Region$$Table)
    Region$$Table$$Limit                     0x080082e4   Number         0  anon$$obj.o(Region$$Table)
    g_rx_flag                                0x20000000   Data           1  main.o(.data)
    g_is_at_mode                             0x20000001   Data           1  main.o(.data)
    g_rx_len                                 0x20000002   Data           2  main.o(.data)
    uwTickFreq                               0x20000004   Data           1  stm32f1xx_hal.o(.data)
    uwTickPrio                               0x20000008   Data           4  stm32f1xx_hal.o(.data)
    uwTick                                   0x2000000c   Data           4  stm32f1xx_hal.o(.data)
    SystemCoreClock                          0x20000010   Data           4  system_stm32f1xx.o(.data)
    data                                     0x20000014   Data           5  dht11.o(.data)
    rx_cnt                                   0x20000019   Data           1  21voc.o(.data)
    rx_state                                 0x2000001a   Data           1  21voc.o(.data)
    data_ready                               0x2000001b   Data           1  21voc.o(.data)
    isDanger                                 0x2000001c   Data           1  buzzer.o(.data)
    THRESHOLD_MQ2                            0x20000020   Data           4  buzzer.o(.data)
    THRESHOLD_CH2O                           0x20000024   Data           4  buzzer.o(.data)
    THRESHOLD_TVOC                           0x20000028   Data           4  buzzer.o(.data)
    THRESHOLD_CO2                            0x2000002c   Data           4  buzzer.o(.data)
    rx_tim                                   0x20000030   Data           1  gass_measure.o(.data)
    mq2_value                                0x20000034   Data           4  gass_measure.o(.data)
    tvoc                                     0x20000038   Data           4  gass_measure.o(.data)
    ch2o                                     0x2000003c   Data           4  gass_measure.o(.data)
    co2                                      0x20000040   Data           4  gass_measure.o(.data)
    temp                                     0x20000044   Data           1  humiture.o(.data)
    humid                                    0x20000045   Data           1  humiture.o(.data)
    pos                                      0x20000046   Data           1  oled.o(.data)
    pxCurrentTCB                             0x20000068   Data           4  tasks.o(.data)
    uxTopUsedPriority                        0x20000098   Data           4  tasks.o(.data)
    xHandle_Acquisition                      0x200000a8   Data           4  app_freertos.o(.data)
    xHandle_DispAlmUp                        0x200000ac   Data           4  app_freertos.o(.data)
    xHandle_CloudCmd                         0x200000b0   Data           4  app_freertos.o(.data)
    xQueue_SensorData                        0x200000b4   Data           4  app_freertos.o(.data)
    xSem_UART_RX                             0x200000b8   Data           4  app_freertos.o(.data)
    xMutex_UART_TX                           0x200000bc   Data           4  app_freertos.o(.data)
    xMutex_Threshold                         0x200000c0   Data           4  app_freertos.o(.data)
    __stdout                                 0x200000c4   Data           4  stdout.o(.data)
    g_rx_buffer                              0x200000cc   Data         256  main.o(.bss)
    hadc1                                    0x200001cc   Data          48  adc.o(.bss)
    hi2c1                                    0x200001fc   Data          84  i2c.o(.bss)
    huart1                                   0x20000250   Data          72  usart.o(.bss)
    huart2                                   0x20000298   Data          72  usart.o(.bss)
    huart3                                   0x200002e0   Data          72  usart.o(.bss)
    htim1                                    0x20000328   Data          72  stm32f1xx_hal_timebase_tim.o(.bss)
    rx_buf                                   0x20000470   Data           9  21voc.o(.bss)
    __initial_sp                             0x20003548   Data           0  startup_stm32f103xb.o(STACK)



==============================================================================

Memory Map of the image

  Image Entry point : 0x080000ed

  Load Region LR_IROM1 (Base: 0x08000000, Size: 0x000083b0, Max: 0x00010000, ABSOLUTE)

    Execution Region ER_IROM1 (Exec base: 0x08000000, Load base: 0x08000000, Size: 0x000082e4, Max: 0x00010000, ABSOLUTE)

    Exec Addr    Load Addr    Size         Type   Attr      Idx    E Section Name        Object

    0x08000000   0x08000000   0x000000ec   Data   RO            3    RESET               startup_stm32f103xb.o
    0x080000ec   0x080000ec   0x00000000   Code   RO         5101  * .ARM.Collect$$$$00000000  mc_w.l(entry.o)
    0x080000ec   0x080000ec   0x00000004   Code   RO         5458    .ARM.Collect$$$$00000001  mc_w.l(entry2.o)
    0x080000f0   0x080000f0   0x00000004   Code   RO         5461    .ARM.Collect$$$$00000004  mc_w.l(entry5.o)
    0x080000f4   0x080000f4   0x00000000   Code   RO         5463    .ARM.Collect$$$$00000008  mc_w.l(entry7b.o)
    0x080000f4   0x080000f4   0x00000000   Code   RO         5465    .ARM.Collect$$$$0000000A  mc_w.l(entry8b.o)
    0x080000f4   0x080000f4   0x00000008   Code   RO         5466    .ARM.Collect$$$$0000000B  mc_w.l(entry9a.o)
    0x080000fc   0x080000fc   0x00000004   Code   RO         5473    .ARM.Collect$$$$0000000E  mc_w.l(entry12b.o)
    0x08000100   0x08000100   0x00000000   Code   RO         5468    .ARM.Collect$$$$0000000F  mc_w.l(entry10a.o)
    0x08000100   0x08000100   0x00000000   Code   RO         5470    .ARM.Collect$$$$00000011  mc_w.l(entry11a.o)
    0x08000100   0x08000100   0x00000004   Code   RO         5459    .ARM.Collect$$$$00002712  mc_w.l(entry2.o)
    0x08000104   0x08000104   0x00000096   Code   RO         4234    .emb_text           port.o
    0x0800019a   0x0800019a   0x00000002   PAD
    0x0800019c   0x0800019c   0x00000024   Code   RO            4    .text               startup_stm32f103xb.o
    0x080001c0   0x080001c0   0x00000020   Code   RO         5104    .text               mc_w.l(llushr.o)
    0x080001e0   0x080001e0   0x00000008   Code   RO         5106    .text               mc_w.l(ctype_o.o)
    0x080001e8   0x080001e8   0x00000012   Code   RO         5128    .text               mc_w.l(isspace_o.o)
    0x080001fa   0x080001fa   0x00000024   Code   RO         5134    .text               mc_w.l(memcpya.o)
    0x0800021e   0x0800021e   0x00000024   Code   RO         5136    .text               mc_w.l(memseta.o)
    0x08000242   0x08000242   0x00000024   Code   RO         5138    .text               mc_w.l(strstr.o)
    0x08000266   0x08000266   0x00000018   Code   RO         5140    .text               mc_w.l(strncpy.o)
    0x0800027e   0x0800027e   0x00000014   Code   RO         5142    .text               mc_w.l(strchr.o)
    0x08000292   0x08000292   0x0000000e   Code   RO         5144    .text               mc_w.l(strlen.o)
    0x080002a0   0x080002a0   0x00000012   Code   RO         5146    .text               mc_w.l(strcpy.o)
    0x080002b2   0x080002b2   0x000000b0   Code   RO         5411    .text               mf_w.l(fadd.o)
    0x08000362   0x08000362   0x00000064   Code   RO         5413    .text               mf_w.l(fmul.o)
    0x080003c6   0x080003c6   0x0000007c   Code   RO         5415    .text               mf_w.l(fdiv.o)
    0x08000442   0x08000442   0x000000e4   Code   RO         5417    .text               mf_w.l(dmul.o)
    0x08000526   0x08000526   0x0000000a   Code   RO         5419    .text               mf_w.l(ffltui.o)
    0x08000530   0x08000530   0x00000032   Code   RO         5421    .text               mf_w.l(ffixi.o)
    0x08000562   0x08000562   0x00000028   Code   RO         5423    .text               mf_w.l(ffixui.o)
    0x0800058a   0x0800058a   0x00000026   Code   RO         5425    .text               mf_w.l(f2d.o)
    0x080005b0   0x080005b0   0x00000038   Code   RO         5427    .text               mf_w.l(d2f.o)
    0x080005e8   0x080005e8   0x00000014   Code   RO         5429    .text               mf_w.l(cfrcmple.o)
    0x080005fc   0x080005fc   0x0000002c   Code   RO         5475    .text               mc_w.l(uidiv.o)
    0x08000628   0x08000628   0x00000062   Code   RO         5477    .text               mc_w.l(uldiv.o)
    0x0800068a   0x0800068a   0x00000002   PAD
    0x0800068c   0x0800068c   0x0000009c   Code   RO         5486    .text               mc_w.l(strtod.o)
    0x08000728   0x08000728   0x00000000   Code   RO         5488    .text               mc_w.l(iusefp.o)
    0x08000728   0x08000728   0x0000006e   Code   RO         5489    .text               mf_w.l(fepilogue.o)
    0x08000796   0x08000796   0x000000ba   Code   RO         5491    .text               mf_w.l(depilogue.o)
    0x08000850   0x08000850   0x0000014e   Code   RO         5493    .text               mf_w.l(dadd.o)
    0x0800099e   0x0800099e   0x000000de   Code   RO         5495    .text               mf_w.l(ddiv.o)
    0x08000a7c   0x08000a7c   0x0000002e   Code   RO         5497    .text               mf_w.l(dscalb.o)
    0x08000aaa   0x08000aaa   0x00000022   Code   RO         5499    .text               mf_w.l(dflti.o)
    0x08000acc   0x08000acc   0x00000030   Code   RO         5501    .text               mf_w.l(dfixul.o)
    0x08000afc   0x08000afc   0x00000030   Code   RO         5503    .text               mf_w.l(cdrcmple.o)
    0x08000b2c   0x08000b2c   0x00000024   Code   RO         5505    .text               mc_w.l(init.o)
    0x08000b50   0x08000b50   0x0000001e   Code   RO         5507    .text               mc_w.l(llshl.o)
    0x08000b6e   0x08000b6e   0x00000024   Code   RO         5509    .text               mc_w.l(llsshr.o)
    0x08000b92   0x08000b92   0x00000002   PAD
    0x08000b94   0x08000b94   0x00000360   Code   RO         5513    .text               mc_w.l(scanf_fp.o)
    0x08000ef4   0x08000ef4   0x00000040   Code   RO         5517    .text               mc_w.l(_sgetc.o)
    0x08000f34   0x08000f34   0x000000a2   Code   RO         5519    .text               mf_w.l(dsqrt.o)
    0x08000fd6   0x08000fd6   0x00000018   Code   RO         5526    .text               mf_w.l(dfltul.o)
    0x08000fee   0x08000fee   0x00000002   PAD
    0x08000ff0   0x08000ff0   0x00000056   Code   RO          608    i.ADC_ConversionStop_Disable  stm32f1xx_hal_adc.o
    0x08001046   0x08001046   0x00000002   PAD
    0x08001048   0x08001048   0x0000007c   Code   RO          612    i.ADC_Enable        stm32f1xx_hal_adc.o
    0x080010c4   0x080010c4   0x00000002   Code   RO          427    i.BusFault_Handler  stm32f1xx_it.o
    0x080010c6   0x080010c6   0x00000002   Code   RO          428    i.DebugMon_Handler  stm32f1xx_it.o
    0x080010c8   0x080010c8   0x00000200   Code   RO         3714    i.ESP32C3_AT_ConnectWiFi  esp32at.o
    0x080012c8   0x080012c8   0x00000020   Code   RO         3715    i.ESP32C3_AT_EnableSTA_DHCP  esp32at.o
    0x080012e8   0x080012e8   0x0000009c   Code   RO         3716    i.ESP32C3_AT_GetSTAIP  esp32at.o
    0x08001384   0x08001384   0x0000009c   Code   RO         3717    i.ESP32C3_AT_MQTT_Config_CMCC  esp32at.o
    0x08001420   0x08001420   0x000000d0   Code   RO         3718    i.ESP32C3_AT_MQTT_Connect_CMCC  esp32at.o
    0x080014f0   0x080014f0   0x00000082   Code   RO         3720    i.ESP32C3_AT_ParseSTAIP  esp32at.o
    0x08001572   0x08001572   0x00000002   PAD
    0x08001574   0x08001574   0x00000040   Code   RO         3721    i.ESP32C3_AT_Reset  esp32at.o
    0x080015b4   0x080015b4   0x0000004c   Code   RO         3722    i.ESP32C3_AT_SendCmd  esp32at.o
    0x08001600   0x08001600   0x000000b4   Code   RO         3723    i.ESP32C3_AT_SendCmdAndWaitResp  esp32at.o
    0x080016b4   0x080016b4   0x0000003c   Code   RO         3724    i.ESP32C3_AT_SetWiFiMode  esp32at.o
    0x080016f0   0x080016f0   0x00000014   Code   RO         3725    i.ESP32C3_AT_Test   esp32at.o
    0x08001704   0x08001704   0x0000025c   Code   RO         5028    i.ESP32_OneNET_Post_Sensors_Data  app_freertos.o
    0x08001960   0x08001960   0x00000220   Code   RO         5029    i.ESP32_OneNET_Reply_Get  app_freertos.o
    0x08001b80   0x08001b80   0x00000154   Code   RO         3726    i.ESP32_OneNET_Reply_Set  esp32at.o
    0x08001cd4   0x08001cd4   0x0000019c   Code   RO         3727    i.ESP32_OneNET_Subscribe_All  esp32at.o
    0x08001e70   0x08001e70   0x00000004   Code   RO           13    i.Error_Handler     main.o
    0x08001e74   0x08001e74   0x000000ec   Code   RO         5030    i.FreeRTOS_Start    app_freertos.o
    0x08001f60   0x08001f60   0x00000004   Code   RO         4005    i.Gas_Measure_Init  gass_measure.o
    0x08001f64   0x08001f64   0x000000fc   Code   RO          614    i.HAL_ADC_ConfigChannel  stm32f1xx_hal_adc.o
    0x08002060   0x08002060   0x00000006   Code   RO          621    i.HAL_ADC_GetValue  stm32f1xx_hal_adc.o
    0x08002066   0x08002066   0x00000002   PAD
    0x08002068   0x08002068   0x0000011c   Code   RO          623    i.HAL_ADC_Init      stm32f1xx_hal_adc.o
    0x08002184   0x08002184   0x00000058   Code   RO          284    i.HAL_ADC_MspInit   adc.o
    0x080021dc   0x080021dc   0x000000c0   Code   RO          629    i.HAL_ADC_Start     stm32f1xx_hal_adc.o
    0x0800229c   0x0800229c   0x00000046   Code   RO         1265    i.HAL_DMA_Abort     stm32f1xx_hal_dma.o
    0x080022e2   0x080022e2   0x00000002   PAD
    0x080022e4   0x080022e4   0x00000098   Code   RO         1266    i.HAL_DMA_Abort_IT  stm32f1xx_hal_dma.o
    0x0800237c   0x0800237c   0x00000024   Code   RO          891    i.HAL_Delay         stm32f1xx_hal.o
    0x080023a0   0x080023a0   0x000001e0   Code   RO         1201    i.HAL_GPIO_Init     stm32f1xx_hal_gpio.o
    0x08002580   0x08002580   0x0000000a   Code   RO         1203    i.HAL_GPIO_ReadPin  stm32f1xx_hal_gpio.o
    0x0800258a   0x0800258a   0x0000000a   Code   RO         1205    i.HAL_GPIO_WritePin  stm32f1xx_hal_gpio.o
    0x08002594   0x08002594   0x0000000c   Code   RO          895    i.HAL_GetTick       stm32f1xx_hal.o
    0x080025a0   0x080025a0   0x00000188   Code   RO         1872    i.HAL_I2C_Init      stm32f1xx_hal_i2c.o
    0x08002728   0x08002728   0x00000130   Code   RO         1893    i.HAL_I2C_Mem_Write  stm32f1xx_hal_i2c.o
    0x08002858   0x08002858   0x0000005c   Code   RO          326    i.HAL_I2C_MspInit   i2c.o
    0x080028b4   0x080028b4   0x00000010   Code   RO          901    i.HAL_IncTick       stm32f1xx_hal.o
    0x080028c4   0x080028c4   0x00000024   Code   RO          902    i.HAL_Init          stm32f1xx_hal.o
    0x080028e8   0x080028e8   0x0000008c   Code   RO          533    i.HAL_InitTick      stm32f1xx_hal_timebase_tim.o
    0x08002974   0x08002974   0x0000003c   Code   RO          509    i.HAL_MspInit       stm32f1xx_hal_msp.o
    0x080029b0   0x080029b0   0x0000001a   Code   RO         1361    i.HAL_NVIC_EnableIRQ  stm32f1xx_hal_cortex.o
    0x080029ca   0x080029ca   0x00000002   PAD
    0x080029cc   0x080029cc   0x00000040   Code   RO         1367    i.HAL_NVIC_SetPriority  stm32f1xx_hal_cortex.o
    0x08002a0c   0x08002a0c   0x00000024   Code   RO         1368    i.HAL_NVIC_SetPriorityGrouping  stm32f1xx_hal_cortex.o
    0x08002a30   0x08002a30   0x000000ec   Code   RO         1163    i.HAL_RCCEx_PeriphCLKConfig  stm32f1xx_hal_rcc_ex.o
    0x08002b1c   0x08002b1c   0x0000012c   Code   RO         1059    i.HAL_RCC_ClockConfig  stm32f1xx_hal_rcc.o
    0x08002c48   0x08002c48   0x00000040   Code   RO         1063    i.HAL_RCC_GetClockConfig  stm32f1xx_hal_rcc.o
    0x08002c88   0x08002c88   0x00000020   Code   RO         1066    i.HAL_RCC_GetPCLK1Freq  stm32f1xx_hal_rcc.o
    0x08002ca8   0x08002ca8   0x00000020   Code   RO         1067    i.HAL_RCC_GetPCLK2Freq  stm32f1xx_hal_rcc.o
    0x08002cc8   0x08002cc8   0x0000004c   Code   RO         1068    i.HAL_RCC_GetSysClockFreq  stm32f1xx_hal_rcc.o
    0x08002d14   0x08002d14   0x00000320   Code   RO         1071    i.HAL_RCC_OscConfig  stm32f1xx_hal_rcc.o
    0x08003034   0x08003034   0x00000002   Code   RO         3004    i.HAL_TIMEx_BreakCallback  stm32f1xx_hal_tim_ex.o
    0x08003036   0x08003036   0x00000002   Code   RO         3005    i.HAL_TIMEx_CommutCallback  stm32f1xx_hal_tim_ex.o
    0x08003038   0x08003038   0x0000005a   Code   RO         2300    i.HAL_TIM_Base_Init  stm32f1xx_hal_tim.o
    0x08003092   0x08003092   0x00000002   Code   RO         2302    i.HAL_TIM_Base_MspInit  stm32f1xx_hal_tim.o
    0x08003094   0x08003094   0x00000058   Code   RO         2305    i.HAL_TIM_Base_Start_IT  stm32f1xx_hal_tim.o
    0x080030ec   0x080030ec   0x00000002   Code   RO         2334    i.HAL_TIM_IC_CaptureCallback  stm32f1xx_hal_tim.o
    0x080030ee   0x080030ee   0x00000166   Code   RO         2348    i.HAL_TIM_IRQHandler  stm32f1xx_hal_tim.o
    0x08003254   0x08003254   0x00000002   Code   RO         2351    i.HAL_TIM_OC_DelayElapsedCallback  stm32f1xx_hal_tim.o
    0x08003256   0x08003256   0x00000002   Code   RO         2378    i.HAL_TIM_PWM_PulseFinishedCallback  stm32f1xx_hal_tim.o
    0x08003258   0x08003258   0x00000014   Code   RO           14    i.HAL_TIM_PeriodElapsedCallback  main.o
    0x0800326c   0x0800326c   0x00000002   Code   RO         2391    i.HAL_TIM_TriggerCallback  stm32f1xx_hal_tim.o
    0x0800326e   0x0800326e   0x0000004e   Code   RO         3282    i.HAL_UARTEx_ReceiveToIdle_IT  stm32f1xx_hal_uart.o
    0x080032bc   0x080032bc   0x00000074   Code   RO           15    i.HAL_UARTEx_RxEventCallback  main.o
    0x08003330   0x08003330   0x00000002   Code   RO         3297    i.HAL_UART_ErrorCallback  stm32f1xx_hal_uart.o
    0x08003332   0x08003332   0x00000002   PAD
    0x08003334   0x08003334   0x0000026c   Code   RO         3300    i.HAL_UART_IRQHandler  stm32f1xx_hal_uart.o
    0x080035a0   0x080035a0   0x00000064   Code   RO         3301    i.HAL_UART_Init     stm32f1xx_hal_uart.o
    0x08003604   0x08003604   0x0000010c   Code   RO          368    i.HAL_UART_MspInit  usart.o
    0x08003710   0x08003710   0x000000ac   Code   RO         3304    i.HAL_UART_Receive  stm32f1xx_hal_uart.o
    0x080037bc   0x080037bc   0x00000002   Code   RO         3307    i.HAL_UART_RxCpltCallback  stm32f1xx_hal_uart.o
    0x080037be   0x080037be   0x0000009a   Code   RO         3309    i.HAL_UART_Transmit  stm32f1xx_hal_uart.o
    0x08003858   0x08003858   0x00000002   Code   RO         3312    i.HAL_UART_TxCpltCallback  stm32f1xx_hal_uart.o
    0x0800385a   0x0800385a   0x00000002   Code   RO          429    i.HardFault_Handler  stm32f1xx_it.o
    0x0800385c   0x0800385c   0x0000002e   Code   RO         1915    i.I2C_IsAcknowledgeFailed  stm32f1xx_hal_i2c.o
    0x0800388a   0x0800388a   0x00000002   PAD
    0x0800388c   0x0800388c   0x000000a8   Code   RO         1926    i.I2C_RequestMemoryWrite  stm32f1xx_hal_i2c.o
    0x08003934   0x08003934   0x00000056   Code   RO         1930    i.I2C_WaitOnBTFFlagUntilTimeout  stm32f1xx_hal_i2c.o
    0x0800398a   0x0800398a   0x00000002   PAD
    0x0800398c   0x0800398c   0x00000090   Code   RO         1931    i.I2C_WaitOnFlagUntilTimeout  stm32f1xx_hal_i2c.o
    0x08003a1c   0x08003a1c   0x000000bc   Code   RO         1932    i.I2C_WaitOnMasterAddressFlagUntilTimeout  stm32f1xx_hal_i2c.o
    0x08003ad8   0x08003ad8   0x00000056   Code   RO         1934    i.I2C_WaitOnTXEFlagUntilTimeout  stm32f1xx_hal_i2c.o
    0x08003b2e   0x08003b2e   0x00000002   PAD
    0x08003b30   0x08003b30   0x00000024   Code   RO         3672    i.Inf_DHT11_Delay_us  dht11.o
    0x08003b54   0x08003b54   0x0000001c   Code   RO         3673    i.Inf_DHT11_Init    dht11.o
    0x08003b70   0x08003b70   0x00000150   Code   RO         3674    i.Inf_DHT11_getData  dht11.o
    0x08003cc0   0x08003cc0   0x000000bc   Code   RO         3852    i.MQ2_GetConcentration_PPM  mq2.o
    0x08003d7c   0x08003d7c   0x0000000c   Code   RO         3853    i.MQ2_Init          mq2.o
    0x08003d88   0x08003d88   0x00000050   Code   RO          285    i.MX_ADC1_Init      adc.o
    0x08003dd8   0x08003dd8   0x00000094   Code   RO          259    i.MX_GPIO_Init      gpio.o
    0x08003e6c   0x08003e6c   0x00000040   Code   RO          327    i.MX_I2C1_Init      i2c.o
    0x08003eac   0x08003eac   0x00000038   Code   RO          369    i.MX_USART1_UART_Init  usart.o
    0x08003ee4   0x08003ee4   0x00000038   Code   RO          370    i.MX_USART2_UART_Init  usart.o
    0x08003f1c   0x08003f1c   0x00000038   Code   RO          371    i.MX_USART3_UART_Init  usart.o
    0x08003f54   0x08003f54   0x00000002   Code   RO          430    i.MemManage_Handler  stm32f1xx_it.o
    0x08003f56   0x08003f56   0x00000002   Code   RO          431    i.NMI_Handler       stm32f1xx_it.o
    0x08003f58   0x08003f58   0x00000088   Code   RO         3889    i.OLED_ClearArea    ssd1315.o
    0x08003fe0   0x08003fe0   0x00000034   Code   RO         3891    i.OLED_Fill_AllOff  ssd1315.o
    0x08004014   0x08004014   0x0000014e   Code   RO         4084    i.OLED_Init         oled.o
    0x08004162   0x08004162   0x00000002   PAD
    0x08004164   0x08004164   0x00000024   Code   RO         3892    i.OLED_SendCmd      ssd1315.o
    0x08004188   0x08004188   0x00000024   Code   RO         3893    i.OLED_SendData     ssd1315.o
    0x080041ac   0x080041ac   0x00000024   Code   RO         3894    i.OLED_SendData_Batch  ssd1315.o
    0x080041d0   0x080041d0   0x00000034   Code   RO         3895    i.OLED_SetArea      ssd1315.o
    0x08004204   0x08004204   0x0000003c   Code   RO         3896    i.OLED_ShowHz_12x12  ssd1315.o
    0x08004240   0x08004240   0x00000038   Code   RO         3897    i.OLED_ShowNum_12x6  ssd1315.o
    0x08004278   0x08004278   0x0000006e   Code   RO         4085    i.OLED_Show_humiture  oled.o
    0x080042e6   0x080042e6   0x00000002   PAD
    0x080042e8   0x080042e8   0x000000f4   Code   RO         4086    i.OLED_Show_mq2     oled.o
    0x080043dc   0x080043dc   0x000002bc   Code   RO         4087    i.OLED_Show_voc201  oled.o
    0x08004698   0x08004698   0x000000b4   Code   RO         3898    i.SSD1315_Init      ssd1315.o
    0x0800474c   0x0800474c   0x00000014   Code   RO          432    i.SysTick_Handler   stm32f1xx_it.o
    0x08004760   0x08004760   0x00000078   Code   RO           16    i.SystemClock_Config  main.o
    0x080047d8   0x080047d8   0x00000002   Code   RO         3635    i.SystemInit        system_stm32f1xx.o
    0x080047da   0x080047da   0x00000002   PAD
    0x080047dc   0x080047dc   0x0000000c   Code   RO          433    i.TIM1_UP_IRQHandler  stm32f1xx_it.o
    0x080047e8   0x080047e8   0x0000006c   Code   RO         2393    i.TIM_Base_SetConfig  stm32f1xx_hal_tim.o
    0x08004854   0x08004854   0x00000010   Code   RO         3314    i.UART_DMAAbortOnError  stm32f1xx_hal_uart.o
    0x08004864   0x08004864   0x0000004e   Code   RO         3324    i.UART_EndRxTransfer  stm32f1xx_hal_uart.o
    0x080048b2   0x080048b2   0x000000c2   Code   RO         3326    i.UART_Receive_IT   stm32f1xx_hal_uart.o
    0x08004974   0x08004974   0x000000b8   Code   RO         3327    i.UART_SetConfig    stm32f1xx_hal_uart.o
    0x08004a2c   0x08004a2c   0x00000036   Code   RO         3329    i.UART_Start_Receive_IT  stm32f1xx_hal_uart.o
    0x08004a62   0x08004a62   0x00000078   Code   RO         3330    i.UART_WaitOnFlagUntilTimeout  stm32f1xx_hal_uart.o
    0x08004ada   0x08004ada   0x00000002   PAD
    0x08004adc   0x08004adc   0x0000000c   Code   RO          434    i.USART1_IRQHandler  stm32f1xx_it.o
    0x08004ae8   0x08004ae8   0x0000000c   Code   RO          435    i.USART3_IRQHandler  stm32f1xx_it.o
    0x08004af4   0x08004af4   0x00000002   Code   RO          436    i.UsageFault_Handler  stm32f1xx_it.o
    0x08004af6   0x08004af6   0x00000002   PAD
    0x08004af8   0x08004af8   0x000000b0   Code   RO         3821    i.VOC201_Receive    21voc.o
    0x08004ba8   0x08004ba8   0x000000f0   Code   RO         4006    i.VOC301_ParseData  gass_measure.o
    0x08004c98   0x08004c98   0x00000020   Code   RO         5383    i.__0printf         mc_w.l(printfa.o)
    0x08004cb8   0x08004cb8   0x00000028   Code   RO         5385    i.__0sprintf        mc_w.l(printfa.o)
    0x08004ce0   0x08004ce0   0x00000028   Code   RO         5445    i.__ARM_fpclassify  m_ws.l(fpclassify.o)
    0x08004d08   0x08004d08   0x00000020   Code   RO         1374    i.__NVIC_SetPriority  stm32f1xx_hal_cortex.o
    0x08004d28   0x08004d28   0x000000aa   Code   RO         5447    i.__kernel_poly     m_ws.l(poly.o)
    0x08004dd2   0x08004dd2   0x00000002   PAD
    0x08004dd4   0x08004dd4   0x00000010   Code   RO         5431    i.__mathlib_dbl_divzero  m_ws.l(dunder.o)
    0x08004de4   0x08004de4   0x00000004   Code   RO         5433    i.__mathlib_dbl_infnan2  m_ws.l(dunder.o)
    0x08004de8   0x08004de8   0x0000000c   Code   RO         5434    i.__mathlib_dbl_invalid  m_ws.l(dunder.o)
    0x08004df4   0x08004df4   0x0000000e   Code   RO         5435    i.__mathlib_dbl_overflow  m_ws.l(dunder.o)
    0x08004e02   0x08004e02   0x00000002   PAD
    0x08004e04   0x08004e04   0x00000010   Code   RO         5437    i.__mathlib_dbl_underflow  m_ws.l(dunder.o)
    0x08004e14   0x08004e14   0x0000000c   Code   RO         5480    i.__read_errno      mc_w.l(errno.o)
    0x08004e20   0x08004e20   0x0000000e   Code   RO         5530    i.__scatterload_copy  mc_w.l(handlers.o)
    0x08004e2e   0x08004e2e   0x00000002   Code   RO         5531    i.__scatterload_null  mc_w.l(handlers.o)
    0x08004e30   0x08004e30   0x0000000e   Code   RO         5532    i.__scatterload_zeroinit  mc_w.l(handlers.o)
    0x08004e3e   0x08004e3e   0x00000002   PAD
    0x08004e40   0x08004e40   0x0000000c   Code   RO         5481    i.__set_errno       mc_w.l(errno.o)
    0x08004e4c   0x08004e4c   0x00000184   Code   RO         5390    i._fp_digits        mc_w.l(printfa.o)
    0x08004fd0   0x08004fd0   0x0000000e   Code   RO         5515    i._is_digit         mc_w.l(scanf_fp.o)
    0x08004fde   0x08004fde   0x00000002   PAD
    0x08004fe0   0x08004fe0   0x000006b4   Code   RO         5391    i._printf_core      mc_w.l(printfa.o)
    0x08005694   0x08005694   0x00000024   Code   RO         5392    i._printf_post_padding  mc_w.l(printfa.o)
    0x080056b8   0x080056b8   0x0000002e   Code   RO         5393    i._printf_pre_padding  mc_w.l(printfa.o)
    0x080056e6   0x080056e6   0x0000000a   Code   RO         5395    i._sputc            mc_w.l(printfa.o)
    0x080056f0   0x080056f0   0x0000002a   Code   RO         5088    i.atof              m_ws.l(atof.o)
    0x0800571a   0x0800571a   0x00000002   PAD
    0x0800571c   0x0800571c   0x00000018   Code   RO          372    i.fputc             usart.o
    0x08005734   0x08005734   0x00000004   Code   RO         4051    i.humiture_init     humiture.o
    0x08005738   0x08005738   0x0000003c   Code   RO         4052    i.humiture_read     humiture.o
    0x08005774   0x08005774   0x00000074   Code   RO           17    i.main              main.o
    0x080057e8   0x080057e8   0x00000010   Code   RO         4007    i.mq2_read          gass_measure.o
    0x080057f8   0x080057f8   0x00000098   Code   RO         4130    i.onenet_init       onenet.o
    0x08005890   0x08005890   0x000009d8   Code   RO         5092    i.pow               m_ws.l(pow.o)
    0x08006268   0x08006268   0x00000088   Code   RO         4703    i.prvAddCurrentTaskToDelayedList  tasks.o
    0x080062f0   0x080062f0   0x000000f0   Code   RO         4704    i.prvAddNewTaskToReadyList  tasks.o
    0x080063e0   0x080063e0   0x00000026   Code   RO         4430    i.prvCopyDataFromQueue  queue.o
    0x08006406   0x08006406   0x0000006c   Code   RO         4431    i.prvCopyDataToQueue  queue.o
    0x08006472   0x08006472   0x00000014   Code   RO         4705    i.prvDeleteTCB      tasks.o
    0x08006486   0x08006486   0x00000002   PAD
    0x08006488   0x08006488   0x00000044   Code   RO         4158    i.prvHeapInit       heap_4.o
    0x080064cc   0x080064cc   0x00000060   Code   RO         4706    i.prvIdleTask       tasks.o
    0x0800652c   0x0800652c   0x00000072   Code   RO         4707    i.prvInitialiseNewTask  tasks.o
    0x0800659e   0x0800659e   0x00000002   PAD
    0x080065a0   0x080065a0   0x0000004c   Code   RO         4159    i.prvInsertBlockIntoFreeList  heap_4.o
    0x080065ec   0x080065ec   0x0000001c   Code   RO         4432    i.prvIsQueueEmpty   queue.o
    0x08006608   0x08006608   0x0000001c   Code   RO         4708    i.prvResetNextTaskUnblockTime  tasks.o
    0x08006624   0x08006624   0x00000010   Code   RO         4235    i.prvTaskExitError  port.o
    0x08006634   0x08006634   0x0000006a   Code   RO         4433    i.prvUnlockQueue    queue.o
    0x0800669e   0x0800669e   0x00000002   PAD
    0x080066a0   0x080066a0   0x00000098   Code   RO         4161    i.pvPortMalloc      heap_4.o
    0x08006738   0x08006738   0x00000018   Code   RO         4710    i.pvTaskIncrementMutexHeldCount  tasks.o
    0x08006750   0x08006750   0x00000024   Code   RO         4236    i.pxPortInitialiseStack  port.o
    0x08006774   0x08006774   0x0000004c   Code   RO         5451    i.sqrt              m_ws.l(sqrt.o)
    0x080067c0   0x080067c0   0x00000026   Code   RO         4394    i.uxListRemove      list.o
    0x080067e6   0x080067e6   0x00000002   PAD
    0x080067e8   0x080067e8   0x0000000c   Code   RO         4713    i.uxTaskGetNumberOfTasks  tasks.o
    0x080067f4   0x080067f4   0x00000016   Code   RO         4395    i.vListInitialise   list.o
    0x0800680a   0x0800680a   0x00000006   Code   RO         4396    i.vListInitialiseItem  list.o
    0x08006810   0x08006810   0x00000030   Code   RO         4397    i.vListInsert       list.o
    0x08006840   0x08006840   0x0000001c   Code   RO         4238    i.vPortEnterCritical  port.o
    0x0800685c   0x0800685c   0x00000014   Code   RO         4239    i.vPortExitCritical  port.o
    0x08006870   0x08006870   0x00000044   Code   RO         4162    i.vPortFree         heap_4.o
    0x080068b4   0x080068b4   0x00000018   Code   RO         4240    i.vPortSetupTimerInterrupt  port.o
    0x080068cc   0x080068cc   0x00000030   Code   RO         4717    i.vTaskDelay        tasks.o
    0x080068fc   0x080068fc   0x00000010   Code   RO         4721    i.vTaskInternalSetTimeOutState  tasks.o
    0x0800690c   0x0800690c   0x0000000c   Code   RO         4722    i.vTaskMissedYield  tasks.o
    0x08006918   0x08006918   0x00000020   Code   RO         4723    i.vTaskPlaceOnEventList  tasks.o
    0x08006938   0x08006938   0x0000009c   Code   RO         4725    i.vTaskPriorityDisinheritAfterTimeout  tasks.o
    0x080069d4   0x080069d4   0x00000050   Code   RO         4730    i.vTaskStartScheduler  tasks.o
    0x08006a24   0x08006a24   0x00000010   Code   RO         4732    i.vTaskSuspendAll   tasks.o
    0x08006a34   0x08006a34   0x00000044   Code   RO         4733    i.vTaskSwitchContext  tasks.o
    0x08006a78   0x08006a78   0x00000364   Code   RO         5031    i.vTask_CloudCommand  app_freertos.o
    0x08006ddc   0x08006ddc   0x0000008c   Code   RO         5032    i.vTask_DataAcquisition  app_freertos.o
    0x08006e68   0x08006e68   0x000001ac   Code   RO         5033    i.vTask_DisplayAlarmUpload  app_freertos.o
    0x08007014   0x08007014   0x00000028   Code   RO         4008    i.voc201_read       gass_measure.o
    0x0800703c   0x0800703c   0x00000030   Code   RO         4241    i.xPortStartScheduler  port.o
    0x0800706c   0x0800706c   0x0000002c   Code   RO         4242    i.xPortSysTickHandler  port.o
    0x08007098   0x08007098   0x00000024   Code   RO         4438    i.xQueueCreateMutex  queue.o
    0x080070bc   0x080070bc   0x00000046   Code   RO         4439    i.xQueueGenericCreate  queue.o
    0x08007102   0x08007102   0x00000002   PAD
    0x08007104   0x08007104   0x00000094   Code   RO         4440    i.xQueueGenericReset  queue.o
    0x08007198   0x08007198   0x000000f8   Code   RO         4441    i.xQueueGenericSend  queue.o
    0x08007290   0x08007290   0x00000066   Code   RO         4443    i.xQueueGiveFromISR  queue.o
    0x080072f6   0x080072f6   0x00000002   PAD
    0x080072f8   0x080072f8   0x000000e8   Code   RO         4446    i.xQueuePeek        queue.o
    0x080073e0   0x080073e0   0x000000f0   Code   RO         4448    i.xQueueReceive     queue.o
    0x080074d0   0x080074d0   0x00000128   Code   RO         4450    i.xQueueSemaphoreTake  queue.o
    0x080075f8   0x080075f8   0x00000058   Code   RO         4735    i.xTaskCheckForTimeOut  tasks.o
    0x08007650   0x08007650   0x0000005c   Code   RO         4736    i.xTaskCreate       tasks.o
    0x080076ac   0x080076ac   0x0000001c   Code   RO         4743    i.xTaskGetSchedulerState  tasks.o
    0x080076c8   0x080076c8   0x00000124   Code   RO         4746    i.xTaskIncrementTick  tasks.o
    0x080077ec   0x080077ec   0x0000008c   Code   RO         4747    i.xTaskPriorityDisinherit  tasks.o
    0x08007878   0x08007878   0x000000b0   Code   RO         4748    i.xTaskPriorityInherit  tasks.o
    0x08007928   0x08007928   0x000000c8   Code   RO         4749    i.xTaskRemoveFromEventList  tasks.o
    0x080079f0   0x080079f0   0x00000118   Code   RO         4750    i.xTaskResumeAll    tasks.o
    0x08007b08   0x08007b08   0x00000012   Data   RO         1072    .constdata          stm32f1xx_hal_rcc.o
    0x08007b1a   0x08007b1a   0x00000010   Data   RO         3636    .constdata          system_stm32f1xx.o
    0x08007b2a   0x08007b2a   0x00000008   Data   RO         3637    .constdata          system_stm32f1xx.o
    0x08007b32   0x08007b32   0x0000048c   Data   RO         3961    .constdata          font.o
    0x08007fbe   0x08007fbe   0x00000138   Data   RO         3962    .constdata          font.o
    0x080080f6   0x080080f6   0x00000002   PAD
    0x080080f8   0x080080f8   0x00000088   Data   RO         5093    .constdata          m_ws.l(pow.o)
    0x08008180   0x08008180   0x00000081   Data   RO         5107    .constdata          mc_w.l(ctype_o.o)
    0x08008201   0x08008201   0x00000003   PAD
    0x08008204   0x08008204   0x00000004   Data   RO         5108    .constdata          mc_w.l(ctype_o.o)
    0x08008208   0x08008208   0x00000008   Data   RO         5449    .constdata          m_ws.l(qnan.o)
    0x08008210   0x08008210   0x000000b4   Data   RO         3729    .conststring        esp32at.o
    0x080082c4   0x080082c4   0x00000020   Data   RO         5528    Region$$Table       anon$$obj.o


    Execution Region RW_IRAM1 (Exec base: 0x20000000, Load base: 0x080082e4, Size: 0x00003548, Max: 0x00005000, ABSOLUTE)

    Exec Addr    Load Addr    Size         Type   Attr      Idx    E Section Name        Object

    0x20000000   0x080082e4   0x00000004   Data   RW           19    .data               main.o
    0x20000004   0x080082e8   0x0000000c   Data   RW          909    .data               stm32f1xx_hal.o
    0x20000010   0x080082f4   0x00000004   Data   RW         3638    .data               system_stm32f1xx.o
    0x20000014   0x080082f8   0x00000005   Data   RW         3675    .data               dht11.o
    0x20000019   0x080082fd   0x00000003   Data   RW         3823    .data               21voc.o
    0x2000001c   0x08008300   0x00000014   Data   RW         3978    .data               buzzer.o
    0x20000030   0x08008314   0x00000014   Data   RW         4009    .data               gass_measure.o
    0x20000044   0x08008328   0x00000002   Data   RW         4053    .data               humiture.o
    0x20000046   0x0800832a   0x00000001   Data   RW         4088    .data               oled.o
    0x20000047   0x0800832b   0x00000001   PAD
    0x20000048   0x0800832c   0x0000001c   Data   RW         4168    .data               heap_4.o
    0x20000064   0x08008348   0x00000004   Data   RW         4243    .data               port.o
    0x20000068   0x0800834c   0x00000040   Data   RW         4753    .data               tasks.o
    0x200000a8   0x0800838c   0x0000001c   Data   RW         5035    .data               app_freertos.o
    0x200000c4   0x080083a8   0x00000004   Data   RW         5474    .data               mc_w.l(stdout.o)
    0x200000c8   0x080083ac   0x00000004   Data   RW         5482    .data               mc_w.l(errno.o)
    0x200000cc        -       0x00000100   Zero   RW           18    .bss                main.o
    0x200001cc        -       0x00000030   Zero   RW          286    .bss                adc.o
    0x200001fc        -       0x00000054   Zero   RW          328    .bss                i2c.o
    0x20000250        -       0x000000d8   Zero   RW          373    .bss                usart.o
    0x20000328        -       0x00000048   Zero   RW          536    .bss                stm32f1xx_hal_timebase_tim.o
    0x20000370        -       0x00000100   Zero   RW         3728    .bss                esp32at.o
    0x20000470        -       0x00000009   Zero   RW         3822    .bss                21voc.o
    0x20000479        -       0x00002800   Zero   RW         4167    .bss                heap_4.o
    0x20002c79   0x080083b0   0x00000003   PAD
    0x20002c7c        -       0x000000c8   Zero   RW         4752    .bss                tasks.o
    0x20002d44        -       0x00000400   Zero   RW         5034    .bss                app_freertos.o
    0x20003144   0x080083b0   0x00000004   PAD
    0x20003148        -       0x00000400   Zero   RW            1    STACK               startup_stm32f103xb.o


==============================================================================

Image component sizes


      Code (inc. data)   RO Data    RW Data    ZI Data      Debug   Object Name

       176         76          0          3          9       1349   21voc.o
       168         22          0          0         48       1621   adc.o
      2820       1342          0         28       1024       6076   app_freertos.o
         0          0          0         20          0        413   buzzer.o
       400         60          0          5          0       3025   dht11.o
      2346       1292        180          0        256       9808   esp32at.o
         0          0          0          0          0      12080   event_groups.o
         0          0       1476          0          0        606   font.o
       300         96          0         20          0       2524   gass_measure.o
       148         10          0          0          0        955   gpio.o
       364         22          0         28      10240       7099   heap_4.o
        64         28          0          2          0       1177   humiture.o
       156         26          0          0         84       1601   i2c.o
       114          0          0          0          0       2629   list.o
       376         62          0          4        256     471994   main.o
       200         54          0          0          0       1274   mq2.o
      1388         22          0          1          0       3058   oled.o
       152         66          0          0          0       1487   onenet.o
       366         44          0          4          0       8768   port.o
      1652         22          0          0          0      16002   queue.o
       644         32          0          0          0       6333   ssd1315.o
        36          8        236          0       1024        796   startup_stm32f103xb.o
       100         18          0         12          0       5206   stm32f1xx_hal.o
       944         42          0          0          0       5368   stm32f1xx_hal_adc.o
       158         14          0          0          0      28150   stm32f1xx_hal_cortex.o
       222          4          0          0          0       1751   stm32f1xx_hal_dma.o
       500         34          0          0          0       3487   stm32f1xx_hal_gpio.o
      1414         32          0          0          0       9327   stm32f1xx_hal_i2c.o
        60          8          0          0          0        858   stm32f1xx_hal_msp.o
      1304         94         18          0          0       5697   stm32f1xx_hal_rcc.o
       236         12          0          0          0       1372   stm32f1xx_hal_rcc_ex.o
       654         26          0          0          0       7008   stm32f1xx_hal_tim.o
         4          0          0          0          0       1561   stm32f1xx_hal_tim_ex.o
       140         22          0          0         72       1407   stm32f1xx_hal_timebase_tim.o
      1776         10          0          0          0      12036   stm32f1xx_hal_uart.o
        68         18          0          0          0       4332   stm32f1xx_it.o
         2          0         24          4          0       1095   system_stm32f1xx.o
      2394        170          0         64        200      32626   tasks.o
       460         54          0          0        216       3528   usart.o

    ----------------------------------------------------------------------
     22348       3842       1968        196      13436     685484   Object Totals
         0          0         32          0          0          0   (incl. Generated)
        42          0          2          1          7          0   (incl. Padding)

    ----------------------------------------------------------------------

      Code (inc. data)   RO Data    RW Data    ZI Data      Debug   Library Member Name

        42          0          0          0          0         84   atof.o
        62         10          0          0          0        340   dunder.o
        40          0          0          0          0         68   fpclassify.o
       170          0          0          0          0         96   poly.o
      2520        190        136          0          0        324   pow.o
         0          0          8          0          0          0   qnan.o
        76          0          0          0          0         84   sqrt.o
        64          0          0          0          0         84   _sgetc.o
         8          4        133          0          0         68   ctype_o.o
         0          0          0          0          0          0   entry.o
         0          0          0          0          0          0   entry10a.o
         0          0          0          0          0          0   entry11a.o
         4          0          0          0          0          0   entry12b.o
         8          4          0          0          0          0   entry2.o
         4          0          0          0          0          0   entry5.o
         0          0          0          0          0          0   entry7b.o
         0          0          0          0          0          0   entry8b.o
         8          4          0          0          0          0   entry9a.o
        24         12          0          4          0        136   errno.o
        30          0          0          0          0          0   handlers.o
        36          8          0          0          0         68   init.o
        18          0          0          0          0         76   isspace_o.o
         0          0          0          0          0          0   iusefp.o
        30          0          0          0          0         68   llshl.o
        36          0          0          0          0         68   llsshr.o
        32          0          0          0          0         68   llushr.o
        36          0          0          0          0         68   memcpya.o
        36          0          0          0          0        108   memseta.o
      2268         96          0          0          0        616   printfa.o
       878         12          0          0          0        216   scanf_fp.o
         0          0          0          4          0          0   stdout.o
        20          0          0          0          0         68   strchr.o
        18          0          0          0          0         68   strcpy.o
        14          0          0          0          0         68   strlen.o
        24          0          0          0          0         76   strncpy.o
        36          0          0          0          0         80   strstr.o
       156         12          0          0          0        120   strtod.o
        44          0          0          0          0         80   uidiv.o
        98          0          0          0          0         92   uldiv.o
        48          0          0          0          0         68   cdrcmple.o
        20          0          0          0          0         68   cfrcmple.o
        56          0          0          0          0         88   d2f.o
       334          0          0          0          0        148   dadd.o
       222          0          0          0          0        100   ddiv.o
       186          0          0          0          0        176   depilogue.o
        48          0          0          0          0         68   dfixul.o
        34          0          0          0          0         76   dflti.o
        24          0          0          0          0         76   dfltul.o
       228          0          0          0          0         96   dmul.o
        46          0          0          0          0         80   dscalb.o
       162          0          0          0          0        100   dsqrt.o
        38          0          0          0          0         68   f2d.o
       176          0          0          0          0        140   fadd.o
       124          0          0          0          0         88   fdiv.o
       110          0          0          0          0        168   fepilogue.o
        50          0          0          0          0         68   ffixi.o
        40          0          0          0          0         68   ffixui.o
        10          0          0          0          0         68   ffltui.o
       100          0          0          0          0         76   fmul.o

    ----------------------------------------------------------------------
      8912        352        280          8          0       5180   Library Totals
        16          0          3          0          0          0   (incl. Padding)

    ----------------------------------------------------------------------

      Code (inc. data)   RO Data    RW Data    ZI Data      Debug   Library Name

      2910        200        144          0          0        996   m_ws.l
      3930        152        133          8          0       2296   mc_w.l
      2056          0          0          0          0       1888   mf_w.l

    ----------------------------------------------------------------------
      8912        352        280          8          0       5180   Library Totals

    ----------------------------------------------------------------------

==============================================================================


      Code (inc. data)   RO Data    RW Data    ZI Data      Debug   

     31260       4194       2248        204      13436     678544   Grand Totals
     31260       4194       2248        204      13436     678544   ELF Image Totals
     31260       4194       2248        204          0          0   ROM Totals

==============================================================================

    Total RO  Size (Code + RO Data)                33508 (  32.72kB)
    Total RW  Size (RW Data + ZI Data)             13640 (  13.32kB)
    Total ROM Size (Code + RO Data + RW Data)      33712 (  32.92kB)

==============================================================================

